Component: ARM Compiler 5.06 update 4 (build 422) Tool: armlink [4d35d2]

==============================================================================

Section Cross References

    main.o(i.DeviceControl) refers to oled.o(i.OLED_Clear) for OLED_Clear
    main.o(i.DeviceControl) refers to oled.o(i.OLED_ShowString) for OLED_ShowString
    main.o(i.DeviceControl) refers to oled.o(i.OLED_ShowChineseString) for OLED_ShowChineseString
    main.o(i.DeviceControl) refers to oled.o(i.OLED_Refresh) for OLED_Refresh
    main.o(i.DeviceControl) refers to key.o(i.KEY_Scan) for KEY_Scan
    main.o(i.DeviceControl) refers to printfa.o(i.__0printf) for __2printf
    main.o(i.DeviceControl) refers to stm32f4xx_tim.o(i.TIM_SetCompare2) for TIM_SetCompare2
    main.o(i.DeviceControl) refers to main.o(i.show_gear) for show_gear
    main.o(i.DeviceControl) refers to at24c02.o(i.AT24C02_Write) for AT24C02_Write
    main.o(i.DeviceControl) refers to stm32f4xx_tim.o(i.TIM_SetCompare3) for TIM_SetCompare3
    main.o(i.DeviceControl) refers to main.o(.data) for RetFlag
    main.o(i.EnvShow) refers to memseta.o(.text) for __aeabi_memclr4
    main.o(i.EnvShow) refers to dht11.o(i.DHT11_Read_Data) for DHT11_Read_Data
    main.o(i.EnvShow) refers to oled.o(i.OLED_Clear) for OLED_Clear
    main.o(i.EnvShow) refers to oled.o(i.OLED_ShowChineseString) for OLED_ShowChineseString
    main.o(i.EnvShow) refers to printfa.o(i.__0sprintf) for __2sprintf
    main.o(i.EnvShow) refers to oled.o(i.OLED_ShowString) for OLED_ShowString
    main.o(i.EnvShow) refers to light.o(i.Light_Get) for Light_Get
    main.o(i.EnvShow) refers to oled.o(i.OLED_Refresh) for OLED_Refresh
    main.o(i.EnvShow) refers to key.o(i.KEY_Scan) for KEY_Scan
    main.o(i.EnvShow) refers to main.o(.data) for RetFlag
    main.o(i.MenuShow) refers to oled.o(i.OLED_Clear) for OLED_Clear
    main.o(i.MenuShow) refers to oled.o(i.OLED_ShowString) for OLED_ShowString
    main.o(i.MenuShow) refers to oled.o(i.OLED_ShowChineseString) for OLED_ShowChineseString
    main.o(i.MenuShow) refers to oled.o(i.OLED_Refresh) for OLED_Refresh
    main.o(i.Mqtt_Control) refers to cjson.o(i.cJSON_Parse) for cJSON_Parse
    main.o(i.Mqtt_Control) refers to cjson.o(i.cJSON_GetObjectItem) for cJSON_GetObjectItem
    main.o(i.Mqtt_Control) refers to printfa.o(i.__0printf) for __2printf
    main.o(i.Mqtt_Control) refers to stm32f4xx_tim.o(i.TIM_SetCompare3) for TIM_SetCompare3
    main.o(i.Mqtt_Control) refers to stm32f4xx_tim.o(i.TIM_SetCompare1) for TIM_SetCompare1
    main.o(i.Mqtt_Control) refers to stm32f4xx_tim.o(i.TIM_SetCompare2) for TIM_SetCompare2
    main.o(i.Mqtt_Control) refers to cjson.o(i.cJSON_Delete) for cJSON_Delete
    main.o(i.ad_show) refers to oled.o(i.OLED_Clear) for OLED_Clear
    main.o(i.ad_show) refers to oled.o(i.OLED_ShowChineseString) for OLED_ShowChineseString
    main.o(i.ad_show) refers to oled.o(i.OLED_ShowString) for OLED_ShowString
    main.o(i.ad_show) refers to oled.o(i.OLED_ShowChinese) for OLED_ShowChinese
    main.o(i.ad_show) refers to oled.o(i.OLED_Refresh) for OLED_Refresh
    main.o(i.ad_show) refers to delay.o(i.delay_ms) for delay_ms
    main.o(i.ad_show) refers to main.o(.data) for RetFlag
    main.o(i.main) refers to printfa.o(i.__0sprintf) for __2sprintf
    main.o(i.main) refers to misc.o(i.NVIC_PriorityGroupConfig) for NVIC_PriorityGroupConfig
    main.o(i.main) refers to delay.o(i.delay_Init) for delay_Init
    main.o(i.main) refers to uart.o(i.UART1_Init) for UART1_Init
    main.o(i.main) refers to uart.o(i.UART2_Init) for UART2_Init
    main.o(i.main) refers to key.o(i.KEY_Init) for KEY_Init
    main.o(i.main) refers to led.o(i.LED_Init) for LED_Init
    main.o(i.main) refers to beep.o(i.BEEP_Init) for BEEP_Init
    main.o(i.main) refers to adc.o(i.ADC1_Init) for ADC1_Init
    main.o(i.main) refers to light.o(i.Light_Init) for Light_Init
    main.o(i.main) refers to voltage.o(i.Voltage_Init) for Voltage_Init
    main.o(i.main) refers to iic.o(i.IIC_Init) for IIC_Init
    main.o(i.main) refers to oled.o(i.OLED_Init) for OLED_Init
    main.o(i.main) refers to main.o(i.MenuShow) for MenuShow
    main.o(i.main) refers to printfa.o(i.__0printf) for __2printf
    main.o(i.main) refers to uart.o(i.WIFI_Connect) for WIFI_Connect
    main.o(i.main) refers to uart.o(i.MQTT_Connect) for MQTT_Connect
    main.o(i.main) refers to delay.o(i.delay_ms) for delay_ms
    main.o(i.main) refers to uart.o(i.MQTT_Subscribe) for MQTT_Subscribe
    main.o(i.main) refers to timer.o(i.TIM1_Init) for TIM1_Init
    main.o(i.main) refers to stm32f4xx_tim.o(i.TIM_SetCompare3) for TIM_SetCompare3
    main.o(i.main) refers to stm32f4xx_tim.o(i.TIM_SetCompare1) for TIM_SetCompare1
    main.o(i.main) refers to stm32f4xx_tim.o(i.TIM_SetCompare2) for TIM_SetCompare2
    main.o(i.main) refers to at24c02.o(i.AT24C02_Read) for AT24C02_Read
    main.o(i.main) refers to timer.o(i.TIM7_Init) for TIM7_Init
    main.o(i.main) refers to dht11.o(i.DHT11_Read_Data) for DHT11_Read_Data
[...]
    .text                                    0x080001c0   Section        0  tolower.o(.text)
    .text                                    0x080001cc   Section        0  memcpya.o(.text)
    .text                                    0x080001f0   Section        0  memseta.o(.text)
    .text                                    0x08000214   Section        0  strstr.o(.text)
    .text                                    0x08000238   Section        0  strlen.o(.text)
    .text                                    0x08000246   Section        0  strcmp.o(.text)
    .text                                    0x08000262   Section        0  strcpy.o(.text)
    .text                                    0x08000274   Section        0  strncmp.o(.text)
    .text                                    0x08000294   Section        0  __0sscanf.o(.text)
    .text                                    0x080002cc   Section        0  scanf_fp.o(.text)
    _fp_value                                0x080002cd   Thumb Code   256  scanf_fp.o(.text)
    .text                                    0x08000604   Section        0  dadd.o(.text)
    .text                                    0x08000752   Section        0  dmul.o(.text)
    .text                                    0x08000836   Section        0  ddiv.o(.text)
    .text                                    0x08000914   Section        0  dflti.o(.text)
    .text                                    0x08000936   Section        0  dfltui.o(.text)
    .text                                    0x08000950   Section        0  dfixi.o(.text)
    .text                                    0x08000990   Section       48  cdcmple.o(.text)
    .text                                    0x080009c0   Section       48  cdrcmple.o(.text)
    .text                                    0x080009f0   Section        0  uidiv.o(.text)
    .text                                    0x08000a1c   Section        0  uldiv.o(.text)
    .text                                    0x08000a7e   Section        0  llshl.o(.text)
    .text                                    0x08000a9c   Section        0  llushr.o(.text)
    .text                                    0x08000abc   Section        0  llsshr.o(.text)
    .text                                    0x08000ae0   Section        0  scanf_char.o(.text)
    _scanf_char_input                        0x08000ae1   Thumb Code    12  scanf_char.o(.text)
    .text                                    0x08000b08   Section        0  _sgetc.o(.text)
    .text                                    0x08000b48   Section        0  strtod.o(.text)
    _local_sscanf                            0x08000b49   Thumb Code    54  strtod.o(.text)
    .text                                    0x08000be4   Section        0  depilogue.o(.text)
    .text                                    0x08000be4   Section        0  iusefp.o(.text)
    .text                                    0x08000c9e   Section        0  dfltul.o(.text)
    .text                                    0x08000cb6   Section        0  dfixul.o(.text)
    .text                                    0x08000ce6   Section        0  d2f.o(.text)
    .text                                    0x08000d20   Section       36  init.o(.text)
    .text                                    0x08000d44   Section        0  isspace_c.o(.text)
    .text                                    0x08000d50   Section        0  _scanf.o(.text)
    .text                                    0x0800107c   Section        0  fepilogue.o(.text)
    .text                                    0x080010ec   Section        0  ctype_c.o(.text)
    i.ADC1_Init                              0x08001114   Section        0  adc.o(i.ADC1_Init)
    i.ADC_Cmd                                0x0800114c   Section        0  stm32f4xx_adc.o(i.ADC_Cmd)
    i.ADC_CommonInit                         0x08001164   Section        0  stm32f4xx_adc.o(i.ADC_CommonInit)
    i.ADC_CommonStructInit                   0x08001194   Section        0  stm32f4xx_adc.o(i.ADC_CommonStructInit)
    i.ADC_GetConversionValue                 0x080011a0   Section        0  stm32f4xx_adc.o(i.ADC_GetConversionValue)
    i.ADC_GetFlagStatus                      0x080011a8   Section        0  stm32f4xx_adc.o(i.ADC_GetFlagStatus)
    i.ADC_Init                               0x080011bc   Section        0  stm32f4xx_adc.o(i.ADC_Init)
    i.ADC_RegularChannelConfig               0x08001210   Section        0  stm32f4xx_adc.o(i.ADC_RegularChannelConfig)
    i.ADC_SoftwareStartConv                  0x080012c8   Section        0  stm32f4xx_adc.o(i.ADC_SoftwareStartConv)
    i.ADC_StructInit                         0x080012d2   Section        0  stm32f4xx_adc.o(i.ADC_StructInit)
    i.AT24C02_Read                           0x080012e6   Section        0  at24c02.o(i.AT24C02_Read)
    i.AT24C02_Write                          0x0800133c   Section        0  at24c02.o(i.AT24C02_Write)
    i.BEEP_Init                              0x0800137c   Section        0  beep.o(i.BEEP_Init)
    i.DHT11_Check                            0x080013bc   Section        0  dht11.o(i.DHT11_Check)
    i.DHT11_Init                             0x0800141c   Section        0  dht11.o(i.DHT11_Init)
    i.DHT11_Read_Bit                         0x08001450   Section        0  dht11.o(i.DHT11_Read_Bit)
    i.DHT11_Read_Byte                        0x080014b0   Section        0  dht11.o(i.DHT11_Read_Byte)
    i.DHT11_Read_Data                        0x080014cc   Section        0  dht11.o(i.DHT11_Read_Data)
    i.DHT11_Reset                            0x08001548   Section        0  dht11.o(i.DHT11_Reset)
    i.DeviceControl                          0x08001580   Section        0  main.o(i.DeviceControl)
    i.EXTI15_10_IRQHandler                   0x08001730   Section        0  exit.o(i.EXTI15_10_IRQHandler)
    i.EXTI4_IRQHandler                       0x08001732   Section        0  exit.o(i.EXTI4_IRQHandler)
    i.EXTI9_5_IRQHandler                     0x08001734   Section        0  exit.o(i.EXTI9_5_IRQHandler)
    i.EXTI_ClearITPendingBit                 0x08001780   Section        0  stm32f4xx_exti.o(i.EXTI_ClearITPendingBit)
    i.EXTI_GetITStatus                       0x0800178c   Section        0  stm32f4xx_exti.o(i.EXTI_GetITStatus)
    i.EnvShow                                0x080017a4   Section        0  main.o(i.EnvShow)
    i.GPIO_Init                              0x080019d4   Section        0  stm32f4xx_gpio.o(i.GPIO_Init)
    i.GPIO_PinAFConfig                       0x08001a64   Section        0  stm32f4xx_gpio.o(i.GPIO_PinAFConfig)
    i.GPIO_ResetBits                         0x08001aaa   Section        0  stm32f4xx_gpio.o(i.GPIO_ResetBits)
    i.GPIO_SetBits                           0x08001aae   Section        0  stm32f4xx_gpio.o(i.GPIO_SetBits)
    i.GetChinese                             0x08001ab4   Section        0  oled.o(i.GetChinese)
    i.Get_ADC                                0x08001aec   Section        0  adc.o(i.Get_ADC)
    i.IIC_Ack                                0x08001b1c   Section        0  iic.o(i.IIC_Ack)
    i.IIC_Init                               0x08001b60   Section        0  iic.o(i.IIC_Init)
    i.IIC_NAck                               0x08001ba0   Section        0  iic.o(i.IIC_NAck)
    i.IIC_Read_Byte                          0x08001bec   Section        0  iic.o(i.IIC_Read_Byte)
    i.IIC_Send_Byte                          0x08001c40   Section        0  iic.o(i.IIC_Send_Byte)
    i.IIC_Start                              0x08001c9c   Section        0  iic.o(i.IIC_Start)
    i.IIC_Stop                               0x08001ce0   Section        0  iic.o(i.IIC_Stop)
    i.IIC_Wait_Ack                           0x08001d24   Section        0  iic.o(i.IIC_Wait_Ack)
    i.KEY_Init                               0x08001d94   Section        0  key.o(i.KEY_Init)
    i.KEY_Scan                               0x08001dd8   Section        0  key.o(i.KEY_Scan)
    i.LED_Init                               0x08001e70   Section        0  led.o(i.LED_Init)
    i.Light_Get                              0x08001eb0   Section        0  light.o(i.Light_Get)
    i.Light_Init                             0x08001ee0   Section        0  light.o(i.Light_Init)
    i.MQTT_Connect                           0x08001f04   Section        0  uart.o(i.MQTT_Connect)
    i.MQTT_Get_Message                       0x08001fd4   Section        0  uart.o(i.MQTT_Get_Message)
    i.MQTT_Put_Message                       0x08002044   Section        0  uart.o(i.MQTT_Put_Message)
    i.MQTT_Subscribe                         0x0800209c   Section        0  uart.o(i.MQTT_Subscribe)
    i.MenuShow                               0x0800212c   Section        0  main.o(i.MenuShow)
    i.Mqtt_Control                           0x08002204   Section        0  main.o(i.Mqtt_Control)
    i.NVIC_Init                              0x0800243c   Section        0  misc.o(i.NVIC_Init)
    i.NVIC_PriorityGroupConfig               0x080024b4   Section        0  misc.o(i.NVIC_PriorityGroupConfig)
    i.OLED_Clear                             0x080024c8   Section        0  oled.o(i.OLED_Clear)
    i.OLED_DrawPoint                         0x080024f8   Section        0  oled.o(i.OLED_DrawPoint)
    i.OLED_Init                              0x08002570   Section        0  oled.o(i.OLED_Init)
    i.OLED_Refresh                           0x08002658   Section        0  oled.o(i.OLED_Refresh)
    i.OLED_ShowChar                          0x080026c0   Section        0  oled.o(i.OLED_ShowChar)
    i.OLED_ShowChinese                       0x080027fc   Section        0  oled.o(i.OLED_ShowChinese)
    i.OLED_ShowChineseString                 0x08002900   Section        0  oled.o(i.OLED_ShowChineseString)
    i.OLED_ShowString                        0x0800294e   Section        0  oled.o(i.OLED_ShowString)
    i.OLED_WR_Byte                           0x08002998   Section        0  oled.o(i.OLED_WR_Byte)
    i.RCC_AHB1PeriphClockCmd                 0x080029d0   Section        0  stm32f4xx_rcc.o(i.RCC_AHB1PeriphClockCmd)
    i.RCC_APB1PeriphClockCmd                 0x080029f0   Section        0  stm32f4xx_rcc.o(i.RCC_APB1PeriphClockCmd)
    i.RCC_APB2PeriphClockCmd                 0x08002a10   Section        0  stm32f4xx_rcc.o(i.RCC_APB2PeriphClockCmd)
    i.RCC_GetClocksFreq                      0x08002a30   Section        0  stm32f4xx_rcc.o(i.RCC_GetClocksFreq)
    i.SetSysClock                            0x08002b18   Section        0  system_stm32f4xx.o(i.SetSysClock)
    SetSysClock                              0x08002b19   Thumb Code   220  system_stm32f4xx.o(i.SetSysClock)
    i.SysTick_CLKSourceConfig                0x08002c04   Section        0  misc.o(i.SysTick_CLKSourceConfig)
    i.SystemInit                             0x08002c2c   Section        0  system_stm32f4xx.o(i.SystemInit)
    i.TIM1_Init                              0x08002c94   Section        0  timer.o(i.TIM1_Init)
    i.TIM3_IRQHandler                        0x08002d6c   Section        0  timer.o(i.TIM3_IRQHandler)
    i.TIM7_IRQHandler                        0x08002d9c   Section        0  timer.o(i.TIM7_IRQHandler)
    i.TIM7_Init                              0x08002de0   Section        0  timer.o(i.TIM7_Init)
    i.TIM8_UP_TIM13_IRQHandler               0x08002e3c   Section        0  timer.o(i.TIM8_UP_TIM13_IRQHandler)
    i.TIM_ClearITPendingBit                  0x08002e6c   Section        0  stm32f4xx_tim.o(i.TIM_ClearITPendingBit)
    i.TIM_Cmd                                0x08002e72   Section        0  stm32f4xx_tim.o(i.TIM_Cmd)
    i.TIM_CtrlPWMOutputs                     0x08002e8a   Section        0  stm32f4xx_tim.o(i.TIM_CtrlPWMOutputs)
    i.TIM_GetITStatus                        0x08002ea8   Section        0  stm32f4xx_tim.o(i.TIM_GetITStatus)
    i.TIM_ITConfig                           0x08002eca   Section        0  stm32f4xx_tim.o(i.TIM_ITConfig)
    i.TIM_OC1Init                            0x08002edc   Section        0  stm32f4xx_tim.o(i.TIM_OC1Init)
    i.TIM_OC2Init                            0x08002f58   Section        0  stm32f4xx_tim.o(i.TIM_OC2Init)
    i.TIM_OC3Init                            0x08002ffc   Section        0  stm32f4xx_tim.o(i.TIM_OC3Init)
    i.TIM_SetCompare1                        0x0800309c   Section        0  stm32f4xx_tim.o(i.TIM_SetCompare1)
    i.TIM_SetCompare2                        0x080030a0   Section        0  stm32f4xx_tim.o(i.TIM_SetCompare2)
    i.TIM_SetCompare3                        0x080030a4   Section        0  stm32f4xx_tim.o(i.TIM_SetCompare3)
    i.TIM_TimeBaseInit                       0x080030a8   Section        0  stm32f4xx_tim.o(i.TIM_TimeBaseInit)
    i.UART1_Init                             0x0800312c   Section        0  uart.o(i.UART1_Init)
    i.UART2_Init                             0x080031cc   Section        0  uart.o(i.UART2_Init)
    i.UART2_Send_String                      0x08003268   Section        0  uart.o(i.UART2_Send_String)
    i.USART1_IRQHandler                      0x08003294   Section        0  uart.o(i.USART1_IRQHandler)
    i.USART2_IRQHandler                      0x08003370   Section        0  uart.o(i.USART2_IRQHandler)
    i.USART_ClearITPendingBit                0x080033ec   Section        0  stm32f4xx_usart.o(i.USART_ClearITPendingBit)
    i.USART_Cmd                              0x0800340a   Section        0  stm32f4xx_usart.o(i.USART_Cmd)
    i.USART_GetFlagStatus                    0x08003422   Section        0  stm32f4xx_usart.o(i.USART_GetFlagStatus)
    i.USART_ITConfig                         0x0800343c   Section        0  stm32f4xx_usart.o(i.USART_ITConfig)
    i.USART_Init                             0x08003488   Section        0  stm32f4xx_usart.o(i.USART_Init)
    i.USART_ReceiveData                      0x0800355c   Section        0  stm32f4xx_usart.o(i.USART_ReceiveData)
    i.USART_SendData                         0x08003566   Section        0  stm32f4xx_usart.o(i.USART_SendData)
    i.Voltage_Init                           0x08003570   Section        0  voltage.o(i.Voltage_Init)
    i.WIFI_Connect                           0x08003594   Section        0  uart.o(i.WIFI_Connect)
    i.Wait_OK                                0x08003668   Section        0  uart.o(i.Wait_OK)
    i.__0printf                              0x080036bc   Section        0  printfa.o(i.__0printf)
    i.__0sprintf                             0x080036dc   Section        0  printfa.o(i.__0sprintf)
    i.__free$realloc                         0x08003704   Section        0  mallocr.o(i.__free$realloc)
    i.__hardfp_fabs                          0x08003760   Section        0  fabs.o(i.__hardfp_fabs)
    i.__hardfp_strtod                        0x08003778   Section        0  strtod.o(i.__hardfp_strtod)
    i.__malloc$realloc                       0x080037a0   Section        0  mallocr.o(i.__malloc$realloc)
    i.__scatterload_copy                     0x080037f0   Section       14  handlers.o(i.__scatterload_copy)
    i.__scatterload_null                     0x080037fe   Section        2  handlers.o(i.__scatterload_null)
    i.__scatterload_zeroinit                 0x08003800   Section       14  handlers.o(i.__scatterload_zeroinit)
    i._fp_digits                             0x08003810   Section        0  printfa.o(i._fp_digits)
    _fp_digits                               0x08003811   Thumb Code   366  printfa.o(i._fp_digits)
    i._is_digit                              0x08003994   Section        0  scanf_fp.o(i._is_digit)
    i._printf_core                           0x080039a4   Section        0  printfa.o(i._printf_core)
    _printf_core                             0x080039a5   Thumb Code  1744  printfa.o(i._printf_core)
    i._printf_post_padding                   0x08004080   Section        0  printfa.o(i._printf_post_padding)
    _printf_post_padding                     0x08004081   Thumb Code    36  printfa.o(i._printf_post_padding)
    i._printf_pre_padding                    0x080040a4   Section        0  printfa.o(i._printf_pre_padding)
    _printf_pre_padding                      0x080040a5   Thumb Code    46  printfa.o(i._printf_pre_padding)
    i._sputc                                 0x080040d2   Section        0  printfa.o(i._sputc)
    _sputc                                   0x080040d3   Thumb Code    10  printfa.o(i._sputc)
    i.ad_show                                0x080040dc   Section        0  main.o(i.ad_show)
    i.add_item_to_array                      0x08004180   Section        0  cjson.o(i.add_item_to_array)
    add_item_to_array                        0x08004181   Thumb Code    54  cjson.o(i.add_item_to_array)
    i.add_item_to_object                     0x080041b6   Section        0  cjson.o(i.add_item_to_object)
    add_item_to_object                       0x080041b7   Thumb Code   122  cjson.o(i.add_item_to_object)
    i.buffer_skip_whitespace                 0x08004230   Section        0  cjson.o(i.buffer_skip_whitespace)
    buffer_skip_whitespace                   0x08004231   Thumb Code    72  cjson.o(i.buffer_skip_whitespace)
    i.cJSON_AddNumberToObject                0x08004278   Section        0  cjson.o(i.cJSON_AddNumberToObject)
    i.cJSON_AddStringToObject                0x080042c4   Section        0  cjson.o(i.cJSON_AddStringToObject)
    i.cJSON_CreateNumber                     0x080042f8   Section        0  cjson.o(i.cJSON_CreateNumber)
    i.cJSON_CreateObject                     0x08004374   Section        0  cjson.o(i.cJSON_CreateObject)
    i.cJSON_CreateString                     0x0800438c   Section        0  cjson.o(i.cJSON_CreateString)
    i.cJSON_Delete                           0x080043c0   Section        0  cjson.o(i.cJSON_Delete)
    i.cJSON_GetObjectItem                    0x08004418   Section        0  cjson.o(i.cJSON_GetObjectItem)
    i.cJSON_New_Item                         0x0800442a   Section        0  cjson.o(i.cJSON_New_Item)
    cJSON_New_Item                           0x0800442b   Thumb Code    26  cjson.o(i.cJSON_New_Item)
    i.cJSON_Parse                            0x08004444   Section        0  cjson.o(i.cJSON_Parse)
    i.cJSON_ParseWithLengthOpts              0x08004454   Section        0  cjson.o(i.cJSON_ParseWithLengthOpts)
    i.cJSON_ParseWithOpts                    0x08004528   Section        0  cjson.o(i.cJSON_ParseWithOpts)
    i.cJSON_Print                            0x08004550   Section        0  cjson.o(i.cJSON_Print)
    i.cJSON_free                             0x08004564   Section        0  cjson.o(i.cJSON_free)
    i.cJSON_strdup                           0x08004578   Section        0  cjson.o(i.cJSON_strdup)
    cJSON_strdup                             0x08004579   Thumb Code    56  cjson.o(i.cJSON_strdup)
    i.case_insensitive_strcmp                0x080045b0   Section        0  cjson.o(i.case_insensitive_strcmp)
    case_insensitive_strcmp                  0x080045b1   Thumb Code    72  cjson.o(i.case_insensitive_strcmp)
    i.cast_away_const                        0x080045f8   Section        0  cjson.o(i.cast_away_const)
    cast_away_const                          0x080045f9   Thumb Code     2  cjson.o(i.cast_away_const)
    i.compare_double                         0x080045fc   Section        0  cjson.o(i.compare_double)
    compare_double                           0x080045fd   Thumb Code   192  cjson.o(i.compare_double)
    i.delay_Init                             0x080046c4   Section        0  delay.o(i.delay_Init)
    i.delay_ms                               0x080046e4   Section        0  delay.o(i.delay_ms)
    i.delay_us                               0x080046fc   Section        0  delay.o(i.delay_us)
    i.ensure                                 0x08004740   Section        0  cjson.o(i.ensure)
    ensure                                   0x08004741   Thumb Code   184  cjson.o(i.ensure)
    i.escape_quotes                          0x080047f8   Section        0  uart.o(i.escape_quotes)
    i.fputc                                  0x08004858   Section        0  uart.o(i.fputc)
    i.gear_judgment                          0x08004870   Section        0  main.o(i.gear_judgment)
    i.get_decimal_point                      0x08004896   Section        0  cjson.o(i.get_decimal_point)
    get_decimal_point                        0x08004897   Thumb Code     4  cjson.o(i.get_decimal_point)
    i.get_object_item                        0x0800489a   Section        0  cjson.o(i.get_object_item)
    get_object_item                          0x0800489b   Thumb Code    82  cjson.o(i.get_object_item)
    i.internal_alloc                         0x080048ec   Section        0  mallocr.o(i.internal_alloc)
    internal_alloc                           0x080048ed   Thumb Code    76  mallocr.o(i.internal_alloc)
    i.main                                   0x0800493c   Section        0  main.o(i.main)
    i.parse_array                            0x08004c6c   Section        0  cjson.o(i.parse_array)
    parse_array                              0x08004c6d   Thumb Code   248  cjson.o(i.parse_array)
    i.parse_hex4                             0x08004d64   Section        0  cjson.o(i.parse_hex4)
    parse_hex4                               0x08004d65   Thumb Code    90  cjson.o(i.parse_hex4)
    i.parse_number                           0x08004dc0   Section        0  cjson.o(i.parse_number)
    parse_number                             0x08004dc1   Thumb Code   316  cjson.o(i.parse_number)
    i.parse_object                           0x08004f14   Section        0  cjson.o(i.parse_object)
    parse_object                             0x08004f15   Thumb Code   318  cjson.o(i.parse_object)
    i.parse_string                           0x08005052   Section        0  cjson.o(i.parse_string)
    parse_string                             0x08005053   Thumb Code   396  cjson.o(i.parse_string)
    i.parse_value                            0x080051e0   Section        0  cjson.o(i.parse_value)
    parse_value                              0x080051e1   Thumb Code   290  cjson.o(i.parse_value)
    i.print                                  0x0800531c   Section        0  cjson.o(i.print)
    print                                    0x0800531d   Thumb Code   178  cjson.o(i.print)
    i.print_array                            0x080053ce   Section        0  cjson.o(i.print_array)
    print_array                              0x080053cf   Thumb Code   178  cjson.o(i.print_array)
    i.print_number                           0x08005480   Section        0  cjson.o(i.print_number)
    print_number                             0x08005481   Thumb Code   318  cjson.o(i.print_number)
    i.print_object                           0x080055ec   Section        0  cjson.o(i.print_object)
    print_object                             0x080055ed   Thumb Code   372  cjson.o(i.print_object)
    i.print_string                           0x08005760   Section        0  cjson.o(i.print_string)
    print_string                             0x08005761   Thumb Code    16  cjson.o(i.print_string)
    i.print_string_ptr                       0x08005770   Section        0  cjson.o(i.print_string_ptr)
    print_string_ptr                         0x08005771   Thumb Code   360  cjson.o(i.print_string_ptr)
    i.print_value                            0x080058e4   Section        0  cjson.o(i.print_value)
    print_value                              0x080058e5   Thumb Code   236  cjson.o(i.print_value)
    i.realloc                                0x080059e8   Section        0  mallocr.o(i.realloc)
    i.remove_tabs_newlines                   0x08005a54   Section        0  uart.o(i.remove_tabs_newlines)
    i.show_gear                              0x08005a9c   Section        0  main.o(i.show_gear)
    i.skip_utf8_bom                          0x08005b54   Section        0  cjson.o(i.skip_utf8_bom)
    skip_utf8_bom                            0x08005b55   Thumb Code    56  cjson.o(i.skip_utf8_bom)
    i.suffix_object                          0x08005b90   Section        0  cjson.o(i.suffix_object)
    suffix_object                            0x08005b91   Thumb Code     6  cjson.o(i.suffix_object)
    i.update_offset                          0x08005b96   Section        0  cjson.o(i.update_offset)
    update_offset                            0x08005b97   Thumb Code    36  cjson.o(i.update_offset)
    i.utf16_literal_to_utf8                  0x08005bba   Section        0  cjson.o(i.utf16_literal_to_utf8)
    utf16_literal_to_utf8                    0x08005bbb   Thumb Code   300  cjson.o(i.utf16_literal_to_utf8)
    .constdata                               0x08005ce6   Section     9022  oled.o(.constdata)
    .constdata                               0x08008024   Section       64  ctype_c.o(.constdata)
    .data                                    0x20000000   Section       16  main.o(.data)
    .data                                    0x20000010   Section        1  key.o(.data)
    flag                                     0x20000010   Data           1  key.o(.data)
    .data                                    0x20000014   Section        6  uart.o(.data)
    .data                                    0x2000001c   Section        4  timer.o(.data)
    .data                                    0x20000020   Section       20  cjson.o(.data)
    global_error                             0x20000020   Data           8  cjson.o(.data)
    global_hooks                             0x20000028   Data          12  cjson.o(.data)
    .data                                    0x20000034   Section        4  delay.o(.data)
    .data                                    0x20000038   Section       16  stm32f4xx_rcc.o(.data)
    APBAHBPrescTable                         0x20000038   Data          16  stm32f4xx_rcc.o(.data)
    .data                                    0x20000048   Section        4  stdout.o(.data)
    .data                                    0x2000004c   Section        4  mvars.o(.data)
    .data                                    0x20000050   Section        4  mvars.o(.data)
    .bss                                     0x20000054   Section       50  main.o(.bss)
    .bss                                     0x20000086   Section      300  uart.o(.bss)
    .bss                                     0x200001b2   Section     1152  oled.o(.bss)
    HEAP                                     0x20000638   Section     2048  startup_stm32f40_41xxx.o(HEAP)
    STACK                                    0x20000e38   Section     2048  startup_stm32f40_41xxx.o(STACK)

    Global Symbols

    Symbol Name                              Value     Ov Type        Size  Object(Section)

    BuildAttributes$$THM_ISAv4$E$P$D$K$B$S$7EM$VFPi3$EXTD16$VFPS$VFMA$PE$A:L22UL41UL21$X:L11$S22US41US21$IEEE1$IW$USESV6$~STKCKD$USESV7$~SHL$OTIME$ROPI$IEEEJ$EBA8$MICROLIB$REQ8$PRES8$EABIv2 0x00000000   Number         0  anon$$obj.o ABSOLUTE
    __ARM_use_no_argv                        0x00000000   Number         0  main.o ABSOLUTE
    _printf_a                                0x00000000   Number         0  stubs.o ABSOLUTE
    _printf_c                                0x00000000   Number         0  stubs.o ABSOLUTE
    _printf_charcount                        0x00000000   Number         0  stubs.o ABSOLUTE
    _printf_d                                0x00000000   Number         0  stubs.o ABSOLUTE
    _printf_e                                0x00000000   Number         0  stubs.o ABSOLUTE
    _printf_f                                0x00000000   Number         0  stubs.o ABSOLUTE
    _printf_flags                            0x00000000   Number         0  stubs.o ABSOLUTE
    _printf_fp_dec                           0x00000000   Number         0  stubs.o ABSOLUTE
    _printf_fp_hex                           0x00000000   Number         0  stubs.o ABSOLUTE
    _printf_g                                0x00000000   Number         0  stubs.o ABSOLUTE
    _printf_i                                0x00000000   Number         0  stubs.o ABSOLUTE
    _printf_int_dec                          0x00000000   Number         0  stubs.o ABSOLUTE
    _printf_l                                0x00000000   Number         0  stubs.o ABSOLUTE
    _printf_lc                               0x00000000   Number         0  stubs.o ABSOLUTE
    _printf_ll                               0x00000000   Number         0  stubs.o ABSOLUTE
    _printf_lld                              0x00000000   Number         0  stubs.o ABSOLUTE
    _printf_lli                              0x00000000   Number         0  stubs.o ABSOLUTE
    _printf_llo                              0x00000000   Number         0  stubs.o ABSOLUTE
    _printf_llu                              0x00000000   Number         0  stubs.o ABSOLUTE
    _printf_llx                              0x00000000   Number         0  stubs.o ABSOLUTE
    _printf_longlong_dec                     0x00000000   Number         0  stubs.o ABSOLUTE
    _printf_longlong_hex                     0x00000000   Number         0  stubs.o ABSOLUTE
    _printf_longlong_oct                     0x00000000   Number         0  stubs.o ABSOLUTE
    _printf_ls                               0x00000000   Number         0  stubs.o ABSOLUTE
    _printf_mbtowc                           0x00000000   Number         0  stubs.o ABSOLUTE
    _printf_n                                0x00000000   Number         0  stubs.o ABSOLUTE
    _printf_o                                0x00000000   Number         0  stubs.o ABSOLUTE
    _printf_p                                0x00000000   Number         0  stubs.o ABSOLUTE
    _printf_percent                          0x00000000   Number         0  stubs.o ABSOLUTE
    _printf_pre_padding                      0x00000000   Number         0  stubs.o ABSOLUTE
    _printf_return_value                     0x00000000   Number         0  stubs.o ABSOLUTE
    _printf_s                                0x00000000   Number         0  stubs.o ABSOLUTE
    _printf_sizespec                         0x00000000   Number         0  stubs.o ABSOLUTE
    _printf_str                              0x00000000   Number         0  stubs.o ABSOLUTE
    _printf_truncate_signed                  0x00000000   Number         0  stubs.o ABSOLUTE
    _printf_truncate_unsigned                0x00000000   Number         0  stubs.o ABSOLUTE
    _printf_u                                0x00000000   Number         0  stubs.o ABSOLUTE
    _printf_wc                               0x00000000   Number         0  stubs.o ABSOLUTE
    _printf_wctomb                           0x00000000   Number         0  stubs.o ABSOLUTE
    _printf_widthprec                        0x00000000   Number         0  stubs.o ABSOLUTE
    _printf_x                                0x00000000   Number         0  stubs.o ABSOLUTE
    __cpp_initialize__aeabi_                  - Undefined Weak Reference
    __cxa_finalize                            - Undefined Weak Reference
    __decompress                              - Undefined Weak Reference
    _clock_init                               - Undefined Weak Reference
    _microlib_exit                            - Undefined Weak Reference
    _scanf_int                                - Undefined Weak Reference
    _scanf_longlong                           - Undefined Weak Reference
    _scanf_string                             - Undefined Weak Reference
    __Vectors_Size                           0x00000188   Number         0  startup_stm32f40_41xxx.o ABSOLUTE
    __Vectors                                0x08000000   Data           4  startup_stm32f40_41xxx.o(RESET)
    __Vectors_End                            0x08000188   Data           0  startup_stm32f40_41xxx.o(RESET)
    __main                                   0x08000189   Thumb Code     0  entry.o(.ARM.Collect$$$$00000000)
    _main_stk                                0x08000189   Thumb Code     0  entry2.o(.ARM.Collect$$$$00000001)
    _main_scatterload                        0x0800018d   Thumb Code     0  entry5.o(.ARM.Collect$$$$00000004)
    __main_after_scatterload                 0x08000191   Thumb Code     0  entry5.o(.ARM.Collect$$$$00000004)
    _main_clock                              0x08000191   Thumb Code     0  entry7b.o(.ARM.Collect$$$$00000008)
    _main_cpp_init                           0x08000191   Thumb Code     0  entry8b.o(.ARM.Collect$$$$0000000A)
    _main_init                               0x08000191   Thumb Code     0  entry9a.o(.ARM.Collect$$$$0000000B)
    __rt_final_cpp                           0x08000199   Thumb Code     0  entry10a.o(.ARM.Collect$$$$0000000D)
    __rt_final_exit                          0x08000199   Thumb Code     0  entry11a.o(.ARM.Collect$$$$0000000F)
    Reset_Handler                            0x0800019d   Thumb Code     8  startup_stm32f40_41xxx.o(.text)
    NMI_Handler                              0x080001a5   Thumb Code     2  startup_stm32f40_41xxx.o(.text)
    HardFault_Handler                        0x080001a7   Thumb Code     2  startup_stm32f40_41xxx.o(.text)
    MemManage_Handler                        0x080001a9   Thumb Code     2  startup_stm32f40_41xxx.o(.text)
    BusFault_Handler                         0x080001ab   Thumb Code     2  startup_stm32f40_41xxx.o(.text)
    UsageFault_Handler                       0x080001ad   Thumb Code     2  startup_stm32f40_41xxx.o(.text)
    SVC_Handler                              0x080001af   Thumb Code     2  startup_stm32f40_41xxx.o(.text)
    DebugMon_Handler                         0x080001b1   Thumb Code     2  startup_stm32f40_41xxx.o(.text)
    PendSV_Handler                           0x080001b3   Thumb Code     2  startup_stm32f40_41xxx.o(.text)
    SysTick_Handler                          0x080001b5   Thumb Code     2  startup_stm32f40_41xxx.o(.text)
    ADC_IRQHandler                           0x080001b7   Thumb Code     0  startup_stm32f40_41xxx.o(.text)
    CAN1_RX0_IRQHandler                      0x080001b7   Thumb Code     0  startup_stm32f40_41xxx.o(.text)
    CAN1_RX1_IRQHandler                      0x080001b7   Thumb Code     0  startup_stm32f40_41xxx.o(.text)
    CAN1_SCE_IRQHandler                      0x080001b7   Thumb Code     0  startup_stm32f40_41xxx.o(.text)
    CAN1_TX_IRQHandler                       0x080001b7   Thumb Code     0  startup_stm32f40_41xxx.o(.text)
    CAN2_RX0_IRQHandler                      0x080001b7   Thumb Code     0  startup_stm32f40_41xxx.o(.text)
    CAN2_RX1_IRQHandler                      0x080001b7   Thumb Code     0  startup_stm32f40_41xxx.o(.text)
    CAN2_SCE_IRQHandler                      0x080001b7   Thumb Code     0  startup_stm32f40_41xxx.o(.text)
    CAN2_TX_IRQHandler                       0x080001b7   Thumb Code     0  startup_stm32f40_41xxx.o(.text)
    CRYP_IRQHandler                          0x080001b7   Thumb Code     0  startup_stm32f40_41xxx.o(.text)
    DCMI_IRQHandler                          0x080001b7   Thumb Code     0  startup_stm32f40_41xxx.o(.text)
    DMA1_Stream0_IRQHandler                  0x080001b7   Thumb Code     0  startup_stm32f40_41xxx.o(.text)
    DMA1_Stream1_IRQHandler                  0x080001b7   Thumb Code     0  startup_stm32f40_41xxx.o(.text)
    DMA1_Stream2_IRQHandler                  0x080001b7   Thumb Code     0  startup_stm32f40_41xxx.o(.text)
    DMA1_Stream3_IRQHandler                  0x080001b7   Thumb Code     0  startup_stm32f40_41xxx.o(.text)
    DMA1_Stream4_IRQHandler                  0x080001b7   Thumb Code     0  startup_stm32f40_41xxx.o(.text)
    DMA1_Stream5_IRQHandler                  0x080001b7   Thumb Code     0  startup_stm32f40_41xxx.o(.text)
    DMA1_Stream6_IRQHandler                  0x080001b7   Thumb Code     0  startup_stm32f40_41xxx.o(.text)
    DMA1_Stream7_IRQHandler                  0x080001b7   Thumb Code     0  startup_stm32f40_41xxx.o(.text)
    DMA2_Stream0_IRQHandler                  0x080001b7   Thumb Code     0  startup_stm32f40_41xxx.o(.text)
    DMA2_Stream1_IRQHandler                  0x080001b7   Thumb Code     0  startup_stm32f40_41xxx.o(.text)
    DMA2_Stream2_IRQHandler                  0x080001b7   Thumb Code     0  startup_stm32f40_41xxx.o(.text)
    DMA2_Stream3_IRQHandler                  0x080001b7   Thumb Code     0  startup_stm32f40_41xxx.o(.text)
    DMA2_Stream4_IRQHandler                  0x080001b7   Thumb Code     0  startup_stm32f40_41xxx.o(.text)
    DMA2_Stream5_IRQHandler                  0x080001b7   Thumb Code     0  startup_stm32f40_41xxx.o(.text)
    DMA2_Stream6_IRQHandler                  0x080001b7   Thumb Code     0  startup_stm32f40_41xxx.o(.text)
    DMA2_Stream7_IRQHandler                  0x080001b7   Thumb Code     0  startup_stm32f40_41xxx.o(.text)
    ETH_IRQHandler                           0x080001b7   Thumb Code     0  startup_stm32f40_41xxx.o(.text)
    ETH_WKUP_IRQHandler                      0x080001b7   Thumb Code     0  startup_stm32f40_41xxx.o(.text)
    EXTI0_IRQHandler                         0x080001b7   Thumb Code     0  startup_stm32f40_41xxx.o(.text)
    EXTI1_IRQHandler                         0x080001b7   Thumb Code     0  startup_stm32f40_41xxx.o(.text)
    EXTI2_IRQHandler                         0x080001b7   Thumb Code     0  startup_stm32f40_41xxx.o(.text)
    EXTI3_IRQHandler                         0x080001b7   Thumb Code     0  startup_stm32f40_41xxx.o(.text)
    FLASH_IRQHandler                         0x080001b7   Thumb Code     0  startup_stm32f40_41xxx.o(.text)
    FPU_IRQHandler                           0x080001b7   Thumb Code     0  startup_stm32f40_41xxx.o(.text)
    FSMC_IRQHandler                          0x080001b7   Thumb Code     0  startup_stm32f40_41xxx.o(.text)
    HASH_RNG_IRQHandler                      0x080001b7   Thumb Code     0  startup_stm32f40_41xxx.o(.text)
    I2C1_ER_IRQHandler                       0x080001b7   Thumb Code     0  startup_stm32f40_41xxx.o(.text)
    I2C1_EV_IRQHandler                       0x080001b7   Thumb Code     0  startup_stm32f40_41xxx.o(.text)
    I2C2_ER_IRQHandler                       0x080001b7   Thumb Code     0  startup_stm32f40_41xxx.o(.text)
    I2C2_EV_IRQHandler                       0x080001b7   Thumb Code     0  startup_stm32f40_41xxx.o(.text)
    I2C3_ER_IRQHandler                       0x080001b7   Thumb Code     0  startup_stm32f40_41xxx.o(.text)
    I2C3_EV_IRQHandler                       0x080001b7   Thumb Code     0  startup_stm32f40_41xxx.o(.text)
    OTG_FS_IRQHandler                        0x080001b7   Thumb Code     0  startup_stm32f40_41xxx.o(.text)
    OTG_FS_WKUP_IRQHandler                   0x080001b7   Thumb Code     0  startup_stm32f40_41xxx.o(.text)
    OTG_HS_EP1_IN_IRQHandler                 0x080001b7   Thumb Code     0  startup_stm32f40_41xxx.o(.text)
    OTG_HS_EP1_OUT_IRQHandler                0x080001b7   Thumb Code     0  startup_stm32f40_41xxx.o(.text)
    OTG_HS_IRQHandler                        0x080001b7   Thumb Code     0  startup_stm32f40_41xxx.o(.text)
    OTG_HS_WKUP_IRQHandler                   0x080001b7   Thumb Code     0  startup_stm32f40_41xxx.o(.text)
    PVD_IRQHandler                           0x080001b7   Thumb Code     0  startup_stm32f40_41xxx.o(.text)
    RCC_IRQHandler                           0x080001b7   Thumb Code     0  startup_stm32f40_41xxx.o(.text)
    RTC_Alarm_IRQHandler                     0x080001b7   Thumb Code     0  startup_stm32f40_41xxx.o(.text)
    RTC_WKUP_IRQHandler                      0x080001b7   Thumb Code     0  startup_stm32f40_41xxx.o(.text)
    SDIO_IRQHandler                          0x080001b7   Thumb Code     0  startup_stm32f40_41xxx.o(.text)
    SPI1_IRQHandler                          0x080001b7   Thumb Code     0  startup_stm32f40_41xxx.o(.text)
    SPI2_IRQHandler                          0x080001b7   Thumb Code     0  startup_stm32f40_41xxx.o(.text)
    SPI3_IRQHandler                          0x080001b7   Thumb Code     0  startup_stm32f40_41xxx.o(.text)
    TAMP_STAMP_IRQHandler                    0x080001b7   Thumb Code     0  startup_stm32f40_41xxx.o(.text)
    TIM1_BRK_TIM9_IRQHandler                 0x080001b7   Thumb Code     0  startup_stm32f40_41xxx.o(.text)
    TIM1_CC_IRQHandler                       0x080001b7   Thumb Code     0  startup_stm32f40_41xxx.o(.text)
    TIM1_TRG_COM_TIM11_IRQHandler            0x080001b7   Thumb Code     0  startup_stm32f40_41xxx.o(.text)
    TIM1_UP_TIM10_IRQHandler                 0x080001b7   Thumb Code     0  startup_stm32f40_41xxx.o(.text)
    TIM2_IRQHandler                          0x080001b7   Thumb Code     0  startup_stm32f40_41xxx.o(.text)
    TIM4_IRQHandler                          0x080001b7   Thumb Code     0  startup_stm32f40_41xxx.o(.text)
    TIM5_IRQHandler                          0x080001b7   Thumb Code     0  startup_stm32f40_41xxx.o(.text)
    TIM6_DAC_IRQHandler                      0x080001b7   Thumb Code     0  startup_stm32f40_41xxx.o(.text)
    TIM8_BRK_TIM12_IRQHandler                0x080001b7   Thumb Code     0  startup_stm32f40_41xxx.o(.text)
    TIM8_CC_IRQHandler                       0x080001b7   Thumb Code     0  startup_stm32f40_41xxx.o(.text)
    TIM8_TRG_COM_TIM14_IRQHandler            0x080001b7   Thumb Code     0  startup_stm32f40_41xxx.o(.text)
    UART4_IRQHandler                         0x080001b7   Thumb Code     0  startup_stm32f40_41xxx.o(.text)
    UART5_IRQHandler                         0x080001b7   Thumb Code     0  startup_stm32f40_41xxx.o(.text)
    USART3_IRQHandler                        0x080001b7   Thumb Code     0  startup_stm32f40_41xxx.o(.text)
    USART6_IRQHandler                        0x080001b7   Thumb Code     0  startup_stm32f40_41xxx.o(.text)
    WWDG_IRQHandler                          0x080001b7   Thumb Code     0  startup_stm32f40_41xxx.o(.text)
    tolower                                  0x080001c1   Thumb Code    12  tolower.o(.text)
    __aeabi_memcpy                           0x080001cd   Thumb Code    36  memcpya.o(.text)
    __aeabi_memcpy4                          0x080001cd   Thumb Code     0  memcpya.o(.text)
    __aeabi_memcpy8                          0x080001cd   Thumb Code     0  memcpya.o(.text)
    __aeabi_memset                           0x080001f1   Thumb Code    14  memseta.o(.text)
    __aeabi_memset4                          0x080001f1   Thumb Code     0  memseta.o(.text)
    __aeabi_memset8                          0x080001f1   Thumb Code     0  memseta.o(.text)
    __aeabi_memclr                           0x080001ff   Thumb Code     4  memseta.o(.text)
    __aeabi_memclr4                          0x080001ff   Thumb Code     0  memseta.o(.text)
    __aeabi_memclr8                          0x080001ff   Thumb Code     0  memseta.o(.text)
    _memset$wrapper                          0x08000203   Thumb Code    18  memseta.o(.text)
    strstr                                   0x08000215   Thumb Code    36  strstr.o(.text)
    strlen                                   0x08000239   Thumb Code    14  strlen.o(.text)
    strcmp                                   0x08000247   Thumb Code    28  strcmp.o(.text)
    strcpy                                   0x08000263   Thumb Code    18  strcpy.o(.text)
    strncmp                                  0x08000275   Thumb Code    30  strncmp.o(.text)
    __0sscanf                                0x08000295   Thumb Code    48  __0sscanf.o(.text)
    _scanf_real                              0x080003cd   Thumb Code     0  scanf_fp.o(.text)
    _scanf_really_real                       0x080003cd   Thumb Code   556  scanf_fp.o(.text)
    __aeabi_dadd                             0x08000605   Thumb Code   322  dadd.o(.text)
    __aeabi_dsub                             0x08000747   Thumb Code     6  dadd.o(.text)
    __aeabi_drsub                            0x0800074d   Thumb Code     6  dadd.o(.text)
    __aeabi_dmul                             0x08000753   Thumb Code   228  dmul.o(.text)
    __aeabi_ddiv                             0x08000837   Thumb Code   222  ddiv.o(.text)
    __aeabi_i2d                              0x08000915   Thumb Code    34  dflti.o(.text)
    __aeabi_ui2d                             0x08000937   Thumb Code    26  dfltui.o(.text)
    __aeabi_d2iz                             0x08000951   Thumb Code    62  dfixi.o(.text)
    __aeabi_cdcmpeq                          0x08000991   Thumb Code     0  cdcmple.o(.text)
    __aeabi_cdcmple                          0x08000991   Thumb Code    48  cdcmple.o(.text)
    __aeabi_cdrcmple                         0x080009c1   Thumb Code    48  cdrcmple.o(.text)
    __aeabi_uidiv                            0x080009f1   Thumb Code     0  uidiv.o(.text)
    __aeabi_uidivmod                         0x080009f1   Thumb Code    44  uidiv.o(.text)
    __aeabi_uldivmod                         0x08000a1d   Thumb Code    98  uldiv.o(.text)
    __aeabi_llsl                             0x08000a7f   Thumb Code    30  llshl.o(.text)
    _ll_shift_l                              0x08000a7f   Thumb Code     0  llshl.o(.text)
    __aeabi_llsr                             0x08000a9d   Thumb Code    32  llushr.o(.text)
    _ll_ushift_r                             0x08000a9d   Thumb Code     0  llushr.o(.text)
    __aeabi_lasr                             0x08000abd   Thumb Code    36  llsshr.o(.text)
    _ll_sshift_r                             0x08000abd   Thumb Code     0  llsshr.o(.text)
    __vfscanf_char                           0x08000aed   Thumb Code    20  scanf_char.o(.text)
    _sgetc                                   0x08000b09   Thumb Code    30  _sgetc.o(.text)
    _sbackspace                              0x08000b27   Thumb Code    34  _sgetc.o(.text)
    __strtod_int                             0x08000b7f   Thumb Code    90  strtod.o(.text)
    __I$use$fp                               0x08000be5   Thumb Code     0  iusefp.o(.text)
    _double_round                            0x08000be5   Thumb Code    30  depilogue.o(.text)
    _double_epilogue                         0x08000c03   Thumb Code   156  depilogue.o(.text)
    __aeabi_ul2d                             0x08000c9f   Thumb Code    24  dfltul.o(.text)
    __aeabi_d2ulz                            0x08000cb7   Thumb Code    48  dfixul.o(.text)
    __aeabi_d2f                              0x08000ce7   Thumb Code    56  d2f.o(.text)
    __scatterload                            0x08000d21   Thumb Code    28  init.o(.text)
    __scatterload_rt2                        0x08000d21   Thumb Code     0  init.o(.text)
    isspace                                  0x08000d45   Thumb Code    10  isspace_c.o(.text)
    __vfscanf                                0x08000d51   Thumb Code   808  _scanf.o(.text)
    _float_round                             0x0800107d   Thumb Code    18  fepilogue.o(.text)
    _float_epilogue                          0x0800108f   Thumb Code    92  fepilogue.o(.text)
    __ctype_lookup                           0x080010ed   Thumb Code    34  ctype_c.o(.text)
    ADC1_Init                                0x08001115   Thumb Code    50  adc.o(i.ADC1_Init)
    ADC_Cmd                                  0x0800114d   Thumb Code    22  stm32f4xx_adc.o(i.ADC_Cmd)
    ADC_CommonInit                           0x08001165   Thumb Code    34  stm32f4xx_adc.o(i.ADC_CommonInit)
    ADC_CommonStructInit                     0x08001195   Thumb Code    12  stm32f4xx_adc.o(i.ADC_CommonStructInit)
    ADC_GetConversionValue                   0x080011a1   Thumb Code     8  stm32f4xx_adc.o(i.ADC_GetConversionValue)
    ADC_GetFlagStatus                        0x080011a9   Thumb Code    18  stm32f4xx_adc.o(i.ADC_GetFlagStatus)
    ADC_Init                                 0x080011bd   Thumb Code    74  stm32f4xx_adc.o(i.ADC_Init)
    ADC_RegularChannelConfig                 0x08001211   Thumb Code   184  stm32f4xx_adc.o(i.ADC_RegularChannelConfig)
    ADC_SoftwareStartConv                    0x080012c9   Thumb Code    10  stm32f4xx_adc.o(i.ADC_SoftwareStartConv)
    ADC_StructInit                           0x080012d3   Thumb Code    20  stm32f4xx_adc.o(i.ADC_StructInit)
    AT24C02_Read                             0x080012e7   Thumb Code    86  at24c02.o(i.AT24C02_Read)
    AT24C02_Write                            0x0800133d   Thumb Code    62  at24c02.o(i.AT24C02_Write)
    BEEP_Init                                0x0800137d   Thumb Code    60  beep.o(i.BEEP_Init)
    DHT11_Check                              0x080013bd   Thumb Code    86  dht11.o(i.DHT11_Check)
    DHT11_Init                               0x0800141d   Thumb Code    48  dht11.o(i.DHT11_Init)
    DHT11_Read_Bit                           0x08001451   Thumb Code    86  dht11.o(i.DHT11_Read_Bit)
    DHT11_Read_Byte                          0x080014b1   Thumb Code    28  dht11.o(i.DHT11_Read_Byte)
    DHT11_Read_Data                          0x080014cd   Thumb Code   124  dht11.o(i.DHT11_Read_Data)
    DHT11_Reset                              0x08001549   Thumb Code    42  dht11.o(i.DHT11_Reset)
    DeviceControl                            0x08001581   Thumb Code   316  main.o(i.DeviceControl)
    EXTI15_10_IRQHandler                     0x08001731   Thumb Code     2  exit.o(i.EXTI15_10_IRQHandler)
    EXTI4_IRQHandler                         0x08001733   Thumb Code     2  exit.o(i.EXTI4_IRQHandler)
    EXTI9_5_IRQHandler                       0x08001735   Thumb Code    68  exit.o(i.EXTI9_5_IRQHandler)
    EXTI_ClearITPendingBit                   0x08001781   Thumb Code     6  stm32f4xx_exti.o(i.EXTI_ClearITPendingBit)
    EXTI_GetITStatus                         0x0800178d   Thumb Code    20  stm32f4xx_exti.o(i.EXTI_GetITStatus)
    EnvShow                                  0x080017a5   Thumb Code   468  main.o(i.EnvShow)
    GPIO_Init                                0x080019d5   Thumb Code   144  stm32f4xx_gpio.o(i.GPIO_Init)
    GPIO_PinAFConfig                         0x08001a65   Thumb Code    70  stm32f4xx_gpio.o(i.GPIO_PinAFConfig)
    GPIO_ResetBits                           0x08001aab   Thumb Code     4  stm32f4xx_gpio.o(i.GPIO_ResetBits)
    GPIO_SetBits                             0x08001aaf   Thumb Code     4  stm32f4xx_gpio.o(i.GPIO_SetBits)
    GetChinese                               0x08001ab5   Thumb Code    52  oled.o(i.GetChinese)
    Get_ADC                                  0x08001aed   Thumb Code    46  adc.o(i.Get_ADC)
    IIC_Ack                                  0x08001b1d   Thumb Code    54  iic.o(i.IIC_Ack)
    IIC_Init                                 0x08001b61   Thumb Code    50  iic.o(i.IIC_Init)
    IIC_NAck                                 0x08001ba1   Thumb Code    62  iic.o(i.IIC_NAck)
    IIC_Read_Byte                            0x08001bed   Thumb Code    70  iic.o(i.IIC_Read_Byte)
    IIC_Send_Byte                            0x08001c41   Thumb Code    78  iic.o(i.IIC_Send_Byte)
    IIC_Start                                0x08001c9d   Thumb Code    56  iic.o(i.IIC_Start)
    IIC_Stop                                 0x08001ce1   Thumb Code    54  iic.o(i.IIC_Stop)
    IIC_Wait_Ack                             0x08001d25   Thumb Code   100  iic.o(i.IIC_Wait_Ack)
    KEY_Init                                 0x08001d95   Thumb Code    58  key.o(i.KEY_Init)
    KEY_Scan                                 0x08001dd9   Thumb Code   138  key.o(i.KEY_Scan)
    LED_Init                                 0x08001e71   Thumb Code    60  led.o(i.LED_Init)
    Light_Get                                0x08001eb1   Thumb Code    44  light.o(i.Light_Get)
    Light_Init                               0x08001ee1   Thumb Code    30  light.o(i.Light_Init)
    MQTT_Connect                             0x08001f05   Thumb Code    88  uart.o(i.MQTT_Connect)
    MQTT_Get_Message                         0x08001fd5   Thumb Code    76  uart.o(i.MQTT_Get_Message)
    MQTT_Put_Message                         0x08002045   Thumb Code    54  uart.o(i.MQTT_Put_Message)
    MQTT_Subscribe                           0x0800209d   Thumb Code    64  uart.o(i.MQTT_Subscribe)
    MenuShow                                 0x0800212d   Thumb Code   140  main.o(i.MenuShow)
    Mqtt_Control                             0x08002205   Thumb Code   340  main.o(i.Mqtt_Control)
    NVIC_Init                                0x0800243d   Thumb Code   106  misc.o(i.NVIC_Init)
    NVIC_PriorityGroupConfig                 0x080024b5   Thumb Code    10  misc.o(i.NVIC_PriorityGroupConfig)
    OLED_Clear                               0x080024c9   Thumb Code    42  oled.o(i.OLED_Clear)
    OLED_DrawPoint                           0x080024f9   Thumb Code   114  oled.o(i.OLED_DrawPoint)
    OLED_Init                                0x08002571   Thumb Code   232  oled.o(i.OLED_Init)
    OLED_Refresh                             0x08002659   Thumb Code   100  oled.o(i.OLED_Refresh)
    OLED_ShowChar                            0x080026c1   Thumb Code   300  oled.o(i.OLED_ShowChar)
    OLED_ShowChinese                         0x080027fd   Thumb Code   244  oled.o(i.OLED_ShowChinese)
    OLED_ShowChineseString                   0x08002901   Thumb Code    78  oled.o(i.OLED_ShowChineseString)
    OLED_ShowString                          0x0800294f   Thumb Code    74  oled.o(i.OLED_ShowString)
    OLED_WR_Byte                             0x08002999   Thumb Code    56  oled.o(i.OLED_WR_Byte)
    RCC_AHB1PeriphClockCmd                   0x080029d1   Thumb Code    26  stm32f4xx_rcc.o(i.RCC_AHB1PeriphClockCmd)
    RCC_APB1PeriphClockCmd                   0x080029f1   Thumb Code    26  stm32f4xx_rcc.o(i.RCC_APB1PeriphClockCmd)
    RCC_APB2PeriphClockCmd                   0x08002a11   Thumb Code    26  stm32f4xx_rcc.o(i.RCC_APB2PeriphClockCmd)
    RCC_GetClocksFreq                        0x08002a31   Thumb Code   214  stm32f4xx_rcc.o(i.RCC_GetClocksFreq)
    SysTick_CLKSourceConfig                  0x08002c05   Thumb Code    40  misc.o(i.SysTick_CLKSourceConfig)
    SystemInit                               0x08002c2d   Thumb Code    88  system_stm32f4xx.o(i.SystemInit)
    TIM1_Init                                0x08002c95   Thumb Code   202  timer.o(i.TIM1_Init)
    TIM3_IRQHandler                          0x08002d6d   Thumb Code    40  timer.o(i.TIM3_IRQHandler)
    TIM7_IRQHandler                          0x08002d9d   Thumb Code    54  timer.o(i.TIM7_IRQHandler)
    TIM7_Init                                0x08002de1   Thumb Code    88  timer.o(i.TIM7_Init)
    TIM8_UP_TIM13_IRQHandler                 0x08002e3d   Thumb Code    40  timer.o(i.TIM8_UP_TIM13_IRQHandler)
    TIM_ClearITPendingBit                    0x08002e6d   Thumb Code     6  stm32f4xx_tim.o(i.TIM_ClearITPendingBit)
    TIM_Cmd                                  0x08002e73   Thumb Code    24  stm32f4xx_tim.o(i.TIM_Cmd)
    TIM_CtrlPWMOutputs                       0x08002e8b   Thumb Code    30  stm32f4xx_tim.o(i.TIM_CtrlPWMOutputs)
    TIM_GetITStatus                          0x08002ea9   Thumb Code    34  stm32f4xx_tim.o(i.TIM_GetITStatus)
    TIM_ITConfig                             0x08002ecb   Thumb Code    18  stm32f4xx_tim.o(i.TIM_ITConfig)
    TIM_OC1Init                              0x08002edd   Thumb Code   114  stm32f4xx_tim.o(i.TIM_OC1Init)
    TIM_OC2Init                              0x08002f59   Thumb Code   154  stm32f4xx_tim.o(i.TIM_OC2Init)
    TIM_OC3Init                              0x08002ffd   Thumb Code   150  stm32f4xx_tim.o(i.TIM_OC3Init)
    TIM_SetCompare1                          0x0800309d   Thumb Code     4  stm32f4xx_tim.o(i.TIM_SetCompare1)
    TIM_SetCompare2                          0x080030a1   Thumb Code     4  stm32f4xx_tim.o(i.TIM_SetCompare2)
    TIM_SetCompare3                          0x080030a5   Thumb Code     4  stm32f4xx_tim.o(i.TIM_SetCompare3)
    TIM_TimeBaseInit                         0x080030a9   Thumb Code   104  stm32f4xx_tim.o(i.TIM_TimeBaseInit)
    UART1_Init                               0x0800312d   Thumb Code   150  uart.o(i.UART1_Init)
    UART2_Init                               0x080031cd   Thumb Code   146  uart.o(i.UART2_Init)
    UART2_Send_String                        0x08003269   Thumb Code    38  uart.o(i.UART2_Send_String)
    USART1_IRQHandler                        0x08003295   Thumb Code   166  uart.o(i.USART1_IRQHandler)
    USART2_IRQHandler                        0x08003371   Thumb Code   104  uart.o(i.USART2_IRQHandler)
    USART_ClearITPendingBit                  0x080033ed   Thumb Code    30  stm32f4xx_usart.o(i.USART_ClearITPendingBit)
    USART_Cmd                                0x0800340b   Thumb Code    24  stm32f4xx_usart.o(i.USART_Cmd)
    USART_GetFlagStatus                      0x08003423   Thumb Code    26  stm32f4xx_usart.o(i.USART_GetFlagStatus)
    USART_ITConfig                           0x0800343d   Thumb Code    74  stm32f4xx_usart.o(i.USART_ITConfig)
    USART_Init                               0x08003489   Thumb Code   204  stm32f4xx_usart.o(i.USART_Init)
    USART_ReceiveData                        0x0800355d   Thumb Code    10  stm32f4xx_usart.o(i.USART_ReceiveData)
    USART_SendData                           0x08003567   Thumb Code     8  stm32f4xx_usart.o(i.USART_SendData)
    Voltage_Init                             0x08003571   Thumb Code    30  voltage.o(i.Voltage_Init)
    WIFI_Connect                             0x08003595   Thumb Code   126  uart.o(i.WIFI_Connect)
    Wait_OK                                  0x08003669   Thumb Code    64  uart.o(i.Wait_OK)
    __0printf                                0x080036bd   Thumb Code    22  printfa.o(i.__0printf)
    __1printf                                0x080036bd   Thumb Code     0  printfa.o(i.__0printf)
    __2printf                                0x080036bd   Thumb Code     0  printfa.o(i.__0printf)
    __c89printf                              0x080036bd   Thumb Code     0  printfa.o(i.__0printf)
    printf                                   0x080036bd   Thumb Code     0  printfa.o(i.__0printf)
    __0sprintf                               0x080036dd   Thumb Code    34  printfa.o(i.__0sprintf)
    __1sprintf                               0x080036dd   Thumb Code     0  printfa.o(i.__0sprintf)
    __2sprintf                               0x080036dd   Thumb Code     0  printfa.o(i.__0sprintf)
    __c89sprintf                             0x080036dd   Thumb Code     0  printfa.o(i.__0sprintf)
    sprintf                                  0x080036dd   Thumb Code     0  printfa.o(i.__0sprintf)
    free                                     0x08003705   Thumb Code    88  mallocr.o(i.__free$realloc)
    __hardfp_fabs                            0x08003761   Thumb Code    20  fabs.o(i.__hardfp_fabs)
    __hardfp_strtod                          0x08003779   Thumb Code    30  strtod.o(i.__hardfp_strtod)
    malloc                                   0x080037a1   Thumb Code    64  mallocr.o(i.__malloc$realloc)
    __scatterload_copy                       0x080037f1   Thumb Code    14  handlers.o(i.__scatterload_copy)
    __scatterload_null                       0x080037ff   Thumb Code     2  handlers.o(i.__scatterload_null)
    __scatterload_zeroinit                   0x08003801   Thumb Code    14  handlers.o(i.__scatterload_zeroinit)
    _is_digit                                0x08003995   Thumb Code    14  scanf_fp.o(i._is_digit)
    ad_show                                  0x080040dd   Thumb Code   122  main.o(i.ad_show)
    cJSON_AddNumberToObject                  0x08004279   Thumb Code    72  cjson.o(i.cJSON_AddNumberToObject)
    cJSON_AddStringToObject                  0x080042c5   Thumb Code    48  cjson.o(i.cJSON_AddStringToObject)
    cJSON_CreateNumber                       0x080042f9   Thumb Code   102  cjson.o(i.cJSON_CreateNumber)
    cJSON_CreateObject                       0x08004375   Thumb Code    20  cjson.o(i.cJSON_CreateObject)
    cJSON_CreateString                       0x0800438d   Thumb Code    46  cjson.o(i.cJSON_CreateString)
    cJSON_Delete                             0x080043c1   Thumb Code    84  cjson.o(i.cJSON_Delete)
    cJSON_GetObjectItem                      0x08004419   Thumb Code    18  cjson.o(i.cJSON_GetObjectItem)
    cJSON_Parse                              0x08004445   Thumb Code    16  cjson.o(i.cJSON_Parse)
    cJSON_ParseWithLengthOpts                0x08004455   Thumb Code   204  cjson.o(i.cJSON_ParseWithLengthOpts)
    cJSON_ParseWithOpts                      0x08004529   Thumb Code    40  cjson.o(i.cJSON_ParseWithOpts)
    cJSON_Print                              0x08004551   Thumb Code    16  cjson.o(i.cJSON_Print)
    cJSON_free                               0x08004565   Thumb Code    14  cjson.o(i.cJSON_free)
    delay_Init                               0x080046c5   Thumb Code    28  delay.o(i.delay_Init)
    delay_ms                                 0x080046e5   Thumb Code    24  delay.o(i.delay_ms)
    delay_us                                 0x080046fd   Thumb Code    64  delay.o(i.delay_us)
    escape_quotes                            0x080047f9   Thumb Code    96  uart.o(i.escape_quotes)
    fputc                                    0x08004859   Thumb Code    20  uart.o(i.fputc)
    gear_judgment                            0x08004871   Thumb Code    38  main.o(i.gear_judgment)
    main                                     0x0800493d   Thumb Code   610  main.o(i.main)
    realloc                                  0x080059e9   Thumb Code   102  mallocr.o(i.realloc)
    remove_tabs_newlines                     0x08005a55   Thumb Code    72  uart.o(i.remove_tabs_newlines)
    show_gear                                0x08005a9d   Thumb Code   162  main.o(i.show_gear)
    asc2_0806                                0x08005ce6   Data         552  oled.o(.constdata)
    asc2_1206                                0x08005f0e   Data        1140  oled.o(.constdata)
    asc2_1608                                0x08006382   Data        1520  oled.o(.constdata)
    asc2_2412                                0x08006972   Data        3420  oled.o(.constdata)
    HZK_Str                                  0x080076ce   Data          86  oled.o(.constdata)
    Hzk1                                     0x08007724   Data        1376  oled.o(.constdata)
    Hzk2                                     0x08007c84   Data         288  oled.o(.constdata)
    Hzk3                                     0x08007da4   Data         128  oled.o(.constdata)
    Hzk4                                     0x08007e24   Data         512  oled.o(.constdata)
    __ctype_categories                       0x08008024   Data          64  ctype_c.o(.constdata)
    Region$$Table$$Base                      0x08008064   Number         0  anon$$obj.o(Region$$Table)
    Region$$Table$$Limit                     0x08008084   Number         0  anon$$obj.o(Region$$Table)
    value_led3                               0x20000000   Data           4  main.o(.data)
    value_fan                                0x20000004   Data           4  main.o(.data)
    flag_put                                 0x20000008   Data           4  main.o(.data)
    RetFlag                                  0x2000000c   Data           4  main.o(.data)
    ind                                      0x20000014   Data           4  uart.o(.data)
    UART2_INDEX                              0x20000018   Data           1  uart.o(.data)
    UART2_FLAG                               0x20000019   Data           1  uart.o(.data)
    timer                                    0x2000001c   Data           4  timer.o(.data)
    _us                                      0x20000034   Data           4  delay.o(.data)
    __stdout                                 0x20000048   Data           4  stdout.o(.data)
    __microlib_freelist                      0x2000004c   Data           4  mvars.o(.data)
    __microlib_freelist_initialised          0x20000050   Data           4  mvars.o(.data)
    ChipID                                   0x20000054   Data          50  main.o(.bss)
    buff                                     0x20000086   Data         100  uart.o(.bss)
    UART2_BUFF                               0x200000ea   Data         200  uart.o(.bss)
    OLED_GRAM                                0x200001b2   Data        1152  oled.o(.bss)
    __heap_base                              0x20000638   Data           0  startup_stm32f40_41xxx.o(HEAP)
    __heap_limit                             0x20000e38   Data           0  startup_stm32f40_41xxx.o(HEAP)
    __initial_sp                             0x20001638   Data           0  startup_stm32f40_41xxx.o(STACK)



==============================================================================

Memory Map of the image

  Image Entry point : 0x0800019d

  Load Region LR_1 (Base: 0x08000000, Size: 0x000080d8, Max: 0xffffffff, ABSOLUTE)

    Execution Region ER_RO (Base: 0x08000000, Size: 0x00008084, Max: 0xffffffff, ABSOLUTE)

    Base Addr    Size         Type   Attr      Idx    E Section Name        Object

    0x08000000   0x00000188   Data   RO         3661    RESET               startup_stm32f40_41xxx.o
    0x08000188   0x00000000   Code   RO         3719  * .ARM.Collect$$$$00000000  mc_w.l(entry.o)
    0x08000188   0x00000004   Code   RO         4053    .ARM.Collect$$$$00000001  mc_w.l(entry2.o)
    0x0800018c   0x00000004   Code   RO         4056    .ARM.Collect$$$$00000004  mc_w.l(entry5.o)
    0x08000190   0x00000000   Code   RO         4058    .ARM.Collect$$$$00000008  mc_w.l(entry7b.o)
    0x08000190   0x00000000   Code   RO         4060    .ARM.Collect$$$$0000000A  mc_w.l(entry8b.o)
    0x08000190   0x00000008   Code   RO         4061    .ARM.Collect$$$$0000000B  mc_w.l(entry9a.o)
    0x08000198   0x00000000   Code   RO         4063    .ARM.Collect$$$$0000000D  mc_w.l(entry10a.o)
    0x08000198   0x00000000   Code   RO         4065    .ARM.Collect$$$$0000000F  mc_w.l(entry11a.o)
    0x08000198   0x00000004   Code   RO         4054    .ARM.Collect$$$$00002712  mc_w.l(entry2.o)
    0x0800019c   0x00000024   Code   RO         3662  * .text               startup_stm32f40_41xxx.o
    0x080001c0   0x0000000c   Code   RO         3722    .text               mc_w.l(tolower.o)
    0x080001cc   0x00000024   Code   RO         3724    .text               mc_w.l(memcpya.o)
    0x080001f0   0x00000024   Code   RO         3726    .text               mc_w.l(memseta.o)
    0x08000214   0x00000024   Code   RO         3728    .text               mc_w.l(strstr.o)
    0x08000238   0x0000000e   Code   RO         3730    .text               mc_w.l(strlen.o)
    0x08000246   0x0000001c   Code   RO         3732    .text               mc_w.l(strcmp.o)
    0x08000262   0x00000012   Code   RO         3734    .text               mc_w.l(strcpy.o)
    0x08000274   0x0000001e   Code   RO         3736    .text               mc_w.l(strncmp.o)
    0x08000292   0x00000002   PAD
    0x08000294   0x00000038   Code   RO         4029    .text               mc_w.l(__0sscanf.o)
    0x080002cc   0x00000338   Code   RO         4031    .text               mc_w.l(scanf_fp.o)
    0x08000604   0x0000014e   Code   RO         4035    .text               mf_w.l(dadd.o)
    0x08000752   0x000000e4   Code   RO         4037    .text               mf_w.l(dmul.o)
    0x08000836   0x000000de   Code   RO         4039    .text               mf_w.l(ddiv.o)
    0x08000914   0x00000022   Code   RO         4041    .text               mf_w.l(dflti.o)
    0x08000936   0x0000001a   Code   RO         4043    .text               mf_w.l(dfltui.o)
    0x08000950   0x0000003e   Code   RO         4045    .text               mf_w.l(dfixi.o)
    0x0800098e   0x00000002   PAD
    0x08000990   0x00000030   Code   RO         4049    .text               mf_w.l(cdcmple.o)
    0x080009c0   0x00000030   Code   RO         4051    .text               mf_w.l(cdrcmple.o)
    0x080009f0   0x0000002c   Code   RO         4068    .text               mc_w.l(uidiv.o)
    0x08000a1c   0x00000062   Code   RO         4070    .text               mc_w.l(uldiv.o)
    0x08000a7e   0x0000001e   Code   RO         4072    .text               mc_w.l(llshl.o)
    0x08000a9c   0x00000020   Code   RO         4074    .text               mc_w.l(llushr.o)
    0x08000abc   0x00000024   Code   RO         4076    .text               mc_w.l(llsshr.o)
    0x08000ae0   0x00000028   Code   RO         4080    .text               mc_w.l(scanf_char.o)
    0x08000b08   0x00000040   Code   RO         4082    .text               mc_w.l(_sgetc.o)
    0x08000b48   0x0000009c   Code   RO         4084    .text               mc_w.l(strtod.o)
    0x08000be4   0x00000000   Code   RO         4086    .text               mc_w.l(iusefp.o)
    0x08000be4   0x000000ba   Code   RO         4087    .text               mf_w.l(depilogue.o)
    0x08000c9e   0x00000018   Code   RO         4089    .text               mf_w.l(dfltul.o)
    0x08000cb6   0x00000030   Code   RO         4091    .text               mf_w.l(dfixul.o)
    0x08000ce6   0x00000038   Code   RO         4093    .text               mf_w.l(d2f.o)
    0x08000d1e   0x00000002   PAD
    0x08000d20   0x00000024   Code   RO         4095    .text               mc_w.l(init.o)
    0x08000d44   0x0000000a   Code   RO         4097    .text               mc_w.l(isspace_c.o)
    0x08000d4e   0x00000002   PAD
    0x08000d50   0x0000032c   Code   RO         4099    .text               mc_w.l(_scanf.o)
    0x0800107c   0x0000006e   Code   RO         4101    .text               mf_w.l(fepilogue.o)
    0x080010ea   0x00000002   PAD
    0x080010ec   0x00000028   Code   RO         4103    .text               mc_w.l(ctype_c.o)
    0x08001114   0x00000038   Code   RO          986    i.ADC1_Init         adc.o
    0x0800114c   0x00000016   Code   RO         1882    i.ADC_Cmd           stm32f4xx_adc.o
    0x08001162   0x00000002   PAD
    0x08001164   0x00000030   Code   RO         1883    i.ADC_CommonInit    stm32f4xx_adc.o
    0x08001194   0x0000000c   Code   RO         1884    i.ADC_CommonStructInit  stm32f4xx_adc.o
    0x080011a0   0x00000008   Code   RO         1894    i.ADC_GetConversionValue  stm32f4xx_adc.o
    0x080011a8   0x00000012   Code   RO         1895    i.ADC_GetFlagStatus  stm32f4xx_adc.o
    0x080011ba   0x00000002   PAD
    0x080011bc   0x00000054   Code   RO         1902    i.ADC_Init          stm32f4xx_adc.o
    0x08001210   0x000000b8   Code   RO         1907    i.ADC_RegularChannelConfig  stm32f4xx_adc.o
    0x080012c8   0x0000000a   Code   RO         1909    i.ADC_SoftwareStartConv  stm32f4xx_adc.o
    0x080012d2   0x00000014   Code   RO         1911    i.ADC_StructInit    stm32f4xx_adc.o
    0x080012e6   0x00000056   Code   RO          706    i.AT24C02_Read      at24c02.o
    0x0800133c   0x0000003e   Code   RO          707    i.AT24C02_Write     at24c02.o
    0x0800137a   0x00000002   PAD
    0x0800137c   0x00000040   Code   RO          268    i.BEEP_Init         beep.o
    0x080013bc   0x00000060   Code   RO          580    i.DHT11_Check       dht11.o
    0x0800141c   0x00000034   Code   RO          581    i.DHT11_Init        dht11.o
    0x08001450   0x00000060   Code   RO          582    i.DHT11_Read_Bit    dht11.o
    0x080014b0   0x0000001c   Code   RO          583    i.DHT11_Read_Byte   dht11.o
    0x080014cc   0x0000007c   Code   RO          584    i.DHT11_Read_Data   dht11.o
    0x08001548   0x00000038   Code   RO          585    i.DHT11_Reset       dht11.o
    0x08001580   0x000001b0   Code   RO            4    i.DeviceControl     main.o
    0x08001730   0x00000002   Code   RO          295    i.EXTI15_10_IRQHandler  exit.o
    0x08001732   0x00000002   Code   RO          296    i.EXTI4_IRQHandler  exit.o
    0x08001734   0x0000004c   Code   RO          297    i.EXTI9_5_IRQHandler  exit.o
    0x08001780   0x0000000c   Code   RO         2123    i.EXTI_ClearITPendingBit  stm32f4xx_exti.o
    0x0800178c   0x00000018   Code   RO         2127    i.EXTI_GetITStatus  stm32f4xx_exti.o
    0x080017a4   0x00000230   Code   RO            5    i.EnvShow           main.o
    0x080019d4   0x00000090   Code   RO         2189    i.GPIO_Init         stm32f4xx_gpio.o
    0x08001a64   0x00000046   Code   RO         2190    i.GPIO_PinAFConfig  stm32f4xx_gpio.o
    0x08001aaa   0x00000004   Code   RO         2196    i.GPIO_ResetBits    stm32f4xx_gpio.o
    0x08001aae   0x00000004   Code   RO         2197    i.GPIO_SetBits      stm32f4xx_gpio.o
    0x08001ab2   0x00000002   PAD
    0x08001ab4   0x00000038   Code   RO          739    i.GetChinese        oled.o
    0x08001aec   0x0000002e   Code   RO          987    i.Get_ADC           adc.o
    0x08001b1a   0x00000002   PAD
    0x08001b1c   0x00000044   Code   RO          637    i.IIC_Ack           iic.o
    0x08001b60   0x00000040   Code   RO          638    i.IIC_Init          iic.o
    0x08001ba0   0x0000004c   Code   RO          639    i.IIC_NAck          iic.o
    0x08001bec   0x00000054   Code   RO          640    i.IIC_Read_Byte     iic.o
    0x08001c40   0x0000005c   Code   RO          641    i.IIC_Send_Byte     iic.o
    0x08001c9c   0x00000044   Code   RO          642    i.IIC_Start         iic.o
    0x08001ce0   0x00000044   Code   RO          643    i.IIC_Stop          iic.o
    0x08001d24   0x00000070   Code   RO          644    i.IIC_Wait_Ack      iic.o
    0x08001d94   0x00000044   Code   RO          234    i.KEY_Init          key.o
    0x08001dd8   0x00000098   Code   RO          235    i.KEY_Scan          key.o
    0x08001e70   0x00000040   Code   RO          207    i.LED_Init          led.o
    0x08001eb0   0x00000030   Code   RO         1019    i.Light_Get         light.o
    0x08001ee0   0x00000024   Code   RO         1020    i.Light_Init        light.o
    0x08001f04   0x000000d0   Code   RO          340    i.MQTT_Connect      uart.o
    0x08001fd4   0x00000070   Code   RO          341    i.MQTT_Get_Message  uart.o
    0x08002044   0x00000058   Code   RO          342    i.MQTT_Put_Message  uart.o
    0x0800209c   0x00000090   Code   RO          343    i.MQTT_Subscribe    uart.o
    0x0800212c   0x000000d8   Code   RO            6    i.MenuShow          main.o
    0x08002204   0x00000238   Code   RO            7    i.Mqtt_Control      main.o
    0x0800243c   0x00000078   Code   RO         1828    i.NVIC_Init         misc.o
    0x080024b4   0x00000014   Code   RO         1829    i.NVIC_PriorityGroupConfig  misc.o
    0x080024c8   0x00000030   Code   RO          740    i.OLED_Clear        oled.o
    0x080024f8   0x00000078   Code   RO          747    i.OLED_DrawPoint    oled.o
    0x08002570   0x000000e8   Code   RO          748    i.OLED_Init         oled.o
    0x08002658   0x00000068   Code   RO          750    i.OLED_Refresh      oled.o
    0x080026c0   0x0000013c   Code   RO          752    i.OLED_ShowChar     oled.o
    0x080027fc   0x00000104   Code   RO          753    i.OLED_ShowChinese  oled.o
    0x08002900   0x0000004e   Code   RO          754    i.OLED_ShowChineseString  oled.o
    0x0800294e   0x0000004a   Code   RO          757    i.OLED_ShowString   oled.o
    0x08002998   0x00000038   Code   RO          758    i.OLED_WR_Byte      oled.o
    0x080029d0   0x00000020   Code   RO         2344    i.RCC_AHB1PeriphClockCmd  stm32f4xx_rcc.o
    0x080029f0   0x00000020   Code   RO         2353    i.RCC_APB1PeriphClockCmd  stm32f4xx_rcc.o
    0x08002a10   0x00000020   Code   RO         2356    i.RCC_APB2PeriphClockCmd  stm32f4xx_rcc.o
    0x08002a30   0x000000e8   Code   RO         2365    i.RCC_GetClocksFreq  stm32f4xx_rcc.o
    0x08002b18   0x000000ec   Code   RO         3669    i.SetSysClock       system_stm32f4xx.o
    0x08002c04   0x00000028   Code   RO         1832    i.SysTick_CLKSourceConfig  misc.o
    0x08002c2c   0x00000068   Code   RO         3671    i.SystemInit        system_stm32f4xx.o
    0x08002c94   0x000000d8   Code   RO          507    i.TIM1_Init         timer.o
    0x08002d6c   0x00000030   Code   RO          509    i.TIM3_IRQHandler   timer.o
    0x08002d9c   0x00000044   Code   RO          511    i.TIM7_IRQHandler   timer.o
    0x08002de0   0x0000005c   Code   RO          512    i.TIM7_Init         timer.o
    0x08002e3c   0x00000030   Code   RO          514    i.TIM8_UP_TIM13_IRQHandler  timer.o
    0x08002e6c   0x00000006   Code   RO         2915    i.TIM_ClearITPendingBit  stm32f4xx_tim.o
    0x08002e72   0x00000018   Code   RO         2920    i.TIM_Cmd           stm32f4xx_tim.o
    0x08002e8a   0x0000001e   Code   RO         2922    i.TIM_CtrlPWMOutputs  stm32f4xx_tim.o
    0x08002ea8   0x00000022   Code   RO         2941    i.TIM_GetITStatus   stm32f4xx_tim.o
    0x08002eca   0x00000012   Code   RO         2945    i.TIM_ITConfig      stm32f4xx_tim.o
    0x08002edc   0x0000007c   Code   RO         2949    i.TIM_OC1Init       stm32f4xx_tim.o
    0x08002f58   0x000000a4   Code   RO         2954    i.TIM_OC2Init       stm32f4xx_tim.o
    0x08002ffc   0x000000a0   Code   RO         2959    i.TIM_OC3Init       stm32f4xx_tim.o
    0x0800309c   0x00000004   Code   RO         2982    i.TIM_SetCompare1   stm32f4xx_tim.o
    0x080030a0   0x00000004   Code   RO         2983    i.TIM_SetCompare2   stm32f4xx_tim.o
    0x080030a4   0x00000004   Code   RO         2984    i.TIM_SetCompare3   stm32f4xx_tim.o
    0x080030a8   0x00000084   Code   RO         2992    i.TIM_TimeBaseInit  stm32f4xx_tim.o
    0x0800312c   0x000000a0   Code   RO          347    i.UART1_Init        uart.o
    0x080031cc   0x0000009c   Code   RO          348    i.UART2_Init        uart.o
    0x08003268   0x0000002c   Code   RO          350    i.UART2_Send_String  uart.o
    0x08003294   0x000000dc   Code   RO          351    i.USART1_IRQHandler  uart.o
    0x08003370   0x0000007c   Code   RO          353    i.USART2_IRQHandler  uart.o
    0x080033ec   0x0000001e   Code   RO         3471    i.USART_ClearITPendingBit  stm32f4xx_usart.o
    0x0800340a   0x00000018   Code   RO         3474    i.USART_Cmd         stm32f4xx_usart.o
    0x08003422   0x0000001a   Code   RO         3477    i.USART_GetFlagStatus  stm32f4xx_usart.o
    0x0800343c   0x0000004a   Code   RO         3480    i.USART_ITConfig    stm32f4xx_usart.o
    0x08003486   0x00000002   PAD
    0x08003488   0x000000d4   Code   RO         3481    i.USART_Init        stm32f4xx_usart.o
    0x0800355c   0x0000000a   Code   RO         3488    i.USART_ReceiveData  stm32f4xx_usart.o
    0x08003566   0x00000008   Code   RO         3491    i.USART_SendData    stm32f4xx_usart.o
    0x0800356e   0x00000002   PAD
    0x08003570   0x00000024   Code   RO         1053    i.Voltage_Init      voltage.o
    0x08003594   0x000000d4   Code   RO          354    i.WIFI_Connect      uart.o
    0x08003668   0x00000054   Code   RO          355    i.Wait_OK           uart.o
    0x080036bc   0x00000020   Code   RO         3973    i.__0printf         mc_w.l(printfa.o)
    0x080036dc   0x00000028   Code   RO         3975    i.__0sprintf        mc_w.l(printfa.o)
    0x08003704   0x0000005c   Code   RO         4005    i.__free$realloc    mc_w.l(mallocr.o)
    0x08003760   0x00000014   Code   RO         3707    i.__hardfp_fabs     m_wm.l(fabs.o)
    0x08003774   0x00000004   PAD
    0x08003778   0x00000028   Code   RO         3713    i.__hardfp_strtod   m_wm.l(strtod.o)
    0x080037a0   0x00000050   Code   RO         4006    i.__malloc$realloc  mc_w.l(mallocr.o)
    0x080037f0   0x0000000e   Code   RO         4108    i.__scatterload_copy  mc_w.l(handlers.o)
    0x080037fe   0x00000002   Code   RO         4109    i.__scatterload_null  mc_w.l(handlers.o)
    0x08003800   0x0000000e   Code   RO         4110    i.__scatterload_zeroinit  mc_w.l(handlers.o)
    0x0800380e   0x00000002   PAD
    0x08003810   0x00000184   Code   RO         3980    i._fp_digits        mc_w.l(printfa.o)
    0x08003994   0x0000000e   Code   RO         4033    i._is_digit         mc_w.l(scanf_fp.o)
    0x080039a2   0x00000002   PAD
    0x080039a4   0x000006dc   Code   RO         3981    i._printf_core      mc_w.l(printfa.o)
    0x08004080   0x00000024   Code   RO         3982    i._printf_post_padding  mc_w.l(printfa.o)
    0x080040a4   0x0000002e   Code   RO         3983    i._printf_pre_padding  mc_w.l(printfa.o)
    0x080040d2   0x0000000a   Code   RO         3985    i._sputc            mc_w.l(printfa.o)
    0x080040dc   0x000000a4   Code   RO            8    i.ad_show           main.o
    0x08004180   0x00000036   Code   RO         1082    i.add_item_to_array  cjson.o
    0x080041b6   0x0000007a   Code   RO         1083    i.add_item_to_object  cjson.o
    0x08004230   0x00000048   Code   RO         1084    i.buffer_skip_whitespace  cjson.o
    0x08004278   0x0000004c   Code   RO         1094    i.cJSON_AddNumberToObject  cjson.o
    0x080042c4   0x00000034   Code   RO         1097    i.cJSON_AddStringToObject  cjson.o
    0x080042f8   0x0000007c   Code   RO         1108    i.cJSON_CreateNumber  cjson.o
    0x08004374   0x00000018   Code   RO         1109    i.cJSON_CreateObject  cjson.o
    0x0800438c   0x00000034   Code   RO         1112    i.cJSON_CreateString  cjson.o
    0x080043c0   0x00000058   Code   RO         1116    i.cJSON_Delete      cjson.o
    0x08004418   0x00000012   Code   RO         1129    i.cJSON_GetObjectItem  cjson.o
    0x0800442a   0x0000001a   Code   RO         1146    i.cJSON_New_Item    cjson.o
    0x08004444   0x00000010   Code   RO         1147    i.cJSON_Parse       cjson.o
    0x08004454   0x000000d4   Code   RO         1149    i.cJSON_ParseWithLengthOpts  cjson.o
    0x08004528   0x00000028   Code   RO         1150    i.cJSON_ParseWithOpts  cjson.o
    0x08004550   0x00000014   Code   RO         1151    i.cJSON_Print       cjson.o
    0x08004564   0x00000014   Code   RO         1162    i.cJSON_free        cjson.o
    0x08004578   0x00000038   Code   RO         1164    i.cJSON_strdup      cjson.o
    0x080045b0   0x00000048   Code   RO         1165    i.case_insensitive_strcmp  cjson.o
    0x080045f8   0x00000002   Code   RO         1166    i.cast_away_const   cjson.o
    0x080045fa   0x00000002   PAD
    0x080045fc   0x000000c8   Code   RO         1167    i.compare_double    cjson.o
    0x080046c4   0x00000020   Code   RO         1761    i.delay_Init        delay.o
    0x080046e4   0x00000018   Code   RO         1762    i.delay_ms          delay.o
    0x080046fc   0x00000044   Code   RO         1763    i.delay_us          delay.o
    0x08004740   0x000000b8   Code   RO         1169    i.ensure            cjson.o
    0x080047f8   0x00000060   Code   RO          356    i.escape_quotes     uart.o
    0x08004858   0x00000018   Code   RO          357    i.fputc             uart.o
    0x08004870   0x00000026   Code   RO            9    i.gear_judgment     main.o
    0x08004896   0x00000004   Code   RO         1171    i.get_decimal_point  cjson.o
    0x0800489a   0x00000052   Code   RO         1172    i.get_object_item   cjson.o
    0x080048ec   0x00000050   Code   RO         4007    i.internal_alloc    mc_w.l(mallocr.o)
    0x0800493c   0x00000330   Code   RO           10    i.main              main.o
    0x08004c6c   0x000000f8   Code   RO         1174    i.parse_array       cjson.o
    0x08004d64   0x0000005a   Code   RO         1175    i.parse_hex4        cjson.o
    0x08004dbe   0x00000002   PAD
    0x08004dc0   0x00000154   Code   RO         1176    i.parse_number      cjson.o
    0x08004f14   0x0000013e   Code   RO         1177    i.parse_object      cjson.o
    0x08005052   0x0000018c   Code   RO         1178    i.parse_string      cjson.o
    0x080051de   0x00000002   PAD
    0x080051e0   0x0000013c   Code   RO         1179    i.parse_value       cjson.o
    0x0800531c   0x000000b2   Code   RO         1180    i.print             cjson.o
    0x080053ce   0x000000b2   Code   RO         1181    i.print_array       cjson.o
    0x08005480   0x0000016c   Code   RO         1182    i.print_number      cjson.o
    0x080055ec   0x00000174   Code   RO         1183    i.print_object      cjson.o
    0x08005760   0x00000010   Code   RO         1184    i.print_string      cjson.o
    0x08005770   0x00000174   Code   RO         1185    i.print_string_ptr  cjson.o
    0x080058e4   0x00000104   Code   RO         1186    i.print_value       cjson.o
    0x080059e8   0x0000006c   Code   RO         4008    i.realloc           mc_w.l(mallocr.o)
    0x08005a54   0x00000048   Code   RO          358    i.remove_tabs_newlines  uart.o
    0x08005a9c   0x000000b8   Code   RO           11    i.show_gear         main.o
    0x08005b54   0x0000003c   Code   RO         1190    i.skip_utf8_bom     cjson.o
    0x08005b90   0x00000006   Code   RO         1191    i.suffix_object     cjson.o
    0x08005b96   0x00000024   Code   RO         1192    i.update_offset     cjson.o
    0x08005bba   0x0000012c   Code   RO         1193    i.utf16_literal_to_utf8  cjson.o
    0x08005ce6   0x0000233e   Data   RO          760    .constdata          oled.o
    0x08008024   0x00000040   Data   RO         4104    .constdata          mc_w.l(ctype_c.o)
    0x08008064   0x00000020   Data   RO         4106    Region$$Table       anon$$obj.o


    Execution Region ER_RW (Base: 0x20000000, Size: 0x00000054, Max: 0xffffffff, ABSOLUTE)

    Base Addr    Size         Type   Attr      Idx    E Section Name        Object

    0x20000000   0x00000010   Data   RW           13    .data               main.o
    0x20000010   0x00000001   Data   RW          236    .data               key.o
    0x20000011   0x00000003   PAD
    0x20000014   0x00000006   Data   RW          360    .data               uart.o
    0x2000001a   0x00000002   PAD
    0x2000001c   0x00000004   Data   RW          515    .data               timer.o
    0x20000020   0x00000014   Data   RW         1195    .data               cjson.o
    0x20000034   0x00000004   Data   RW         1764    .data               delay.o
    0x20000038   0x00000010   Data   RW         2396    .data               stm32f4xx_rcc.o
    0x20000048   0x00000004   Data   RW         4067    .data               mc_w.l(stdout.o)
    0x2000004c   0x00000004   Data   RW         4078    .data               mc_w.l(mvars.o)
    0x20000050   0x00000004   Data   RW         4079    .data               mc_w.l(mvars.o)


    Execution Region ER_ZI (Base: 0x20000054, Size: 0x000015e4, Max: 0xffffffff, ABSOLUTE)

    Base Addr    Size         Type   Attr      Idx    E Section Name        Object

    0x20000054   0x00000032   Zero   RW           12    .bss                main.o
    0x20000086   0x0000012c   Zero   RW          359    .bss                uart.o
    0x200001b2   0x00000480   Zero   RW          759    .bss                oled.o
    0x20000632   0x00000006   PAD
    0x20000638   0x00000800   Zero   RW         3660    HEAP                startup_stm32f40_41xxx.o
    0x20000e38   0x00000800   Zero   RW         3659    STACK               startup_stm32f40_41xxx.o


==============================================================================

Image component sizes


      Code (inc. data)   RO Data    RW Data    ZI Data      Debug   Object Name

       102          6          0          0          0       1514   adc.o
       148          0          0          0          0       1907   at24c02.o
        64          4          0          0          0        552   beep.o
      5466        216          0         20          0      41082   cjson.o
       124          8          0          4          0       1861   delay.o
       452         38          0          0          0       4286   dht11.o
        80          8          0          0          0       1519   exit.o
       632        108          0          0          0       4574   iic.o
       220         24          0          1          0       1210   key.o
        64          4          0          0          0        543   led.o
        84         10          0          0          0       1169   light.o
      2978        782          0         16         50     323176   main.o
       180         24          0          0          0       2389   misc.o
      1344         52       9022          0       1152       9171   oled.o
        36          8        392          0       4096        880   startup_stm32f40_41xxx.o
       406         24          0          0          0       7326   stm32f4xx_adc.o
        36         10          0          0          0       1264   stm32f4xx_exti.o
       222          0          0          0          0       3247   stm32f4xx_gpio.o
       328         36          0         16          0       4995   stm32f4xx_rcc.o
       704         58          0          0          0       8983   stm32f4xx_tim.o
       384          8          0          0          0       5911   stm32f4xx_usart.o
       340         32          0          0          0       1721   system_stm32f4xx.o
       472         48          0          4          0       3371   timer.o
      1744        480          0          6        300      10745   uart.o
        36          6          0          0          0        551   voltage.o

    ----------------------------------------------------------------------
     16666       1994       9446         72       5604     443947   Object Totals
         0          0         32          0          0          0   (incl. Generated)
        20          0          0          5          6          0   (incl. Padding)

    ----------------------------------------------------------------------

      Code (inc. data)   RO Data    RW Data    ZI Data      Debug   Library Member Name

        20          0          0          0          0        124   fabs.o
        40         10          0          0          0        128   strtod.o
        56          8          0          0          0         84   __0sscanf.o
       812          4          0          0          0        112   _scanf.o
        64          0          0          0          0         84   _sgetc.o
        40          6         64          0          0         68   ctype_c.o
         0          0          0          0          0          0   entry.o
         0          0          0          0          0          0   entry10a.o
         0          0          0          0          0          0   entry11a.o
         8          4          0          0          0          0   entry2.o
         4          0          0          0          0          0   entry5.o
         0          0          0          0          0          0   entry7b.o
         0          0          0          0          0          0   entry8b.o
         8          4          0          0          0          0   entry9a.o
        30          0          0          0          0          0   handlers.o
        36          8          0          0          0         68   init.o
        10          0          0          0          0         68   isspace_c.o
         0          0          0          0          0          0   iusefp.o
        30          0          0          0          0         68   llshl.o
        36          0          0          0          0         68   llsshr.o
        32          0          0          0          0         68   llushr.o
       360         30          0          0          0        356   mallocr.o
        36          0          0          0          0         68   memcpya.o
        36          0          0          0          0        108   memseta.o
         0          0          0          8          0          0   mvars.o
      2308         96          0          0          0        604   printfa.o
        40          8          0          0          0         84   scanf_char.o
       838         12          0          0          0        216   scanf_fp.o
         0          0          0          4          0          0   stdout.o
        28          0          0          0          0         76   strcmp.o
        18          0          0          0          0         68   strcpy.o
        14          0          0          0          0         68   strlen.o
        30          0          0          0          0         80   strncmp.o
        36          0          0          0          0         80   strstr.o
       156         12          0          0          0        120   strtod.o
        12          0          0          0          0         68   tolower.o
        44          0          0          0          0         80   uidiv.o
        98          0          0          0          0         92   uldiv.o
        48          0          0          0          0         68   cdcmple.o
        48          0          0          0          0         68   cdrcmple.o
        56          0          0          0          0         88   d2f.o
       334          0          0          0          0        148   dadd.o
       222          0          0          0          0        100   ddiv.o
       186          0          0          0          0        176   depilogue.o
        62          0          0          0          0         80   dfixi.o
        48          0          0          0          0         68   dfixul.o
        34          0          0          0          0         76   dflti.o
        26          0          0          0          0         76   dfltui.o
        24          0          0          0          0         76   dfltul.o
       228          0          0          0          0         96   dmul.o
       110          0          0          0          0        168   fepilogue.o

    ----------------------------------------------------------------------
      6724        202         64         12          0       4396   Library Totals
        18          0          0          0          0          0   (incl. Padding)

    ----------------------------------------------------------------------

      Code (inc. data)   RO Data    RW Data    ZI Data      Debug   Library Name

        60         10          0          0          0        252   m_wm.l
      5220        192         64         12          0       2856   mc_w.l
      1426          0          0          0          0       1288   mf_w.l

    ----------------------------------------------------------------------
      6724        202         64         12          0       4396   Library Totals

    ----------------------------------------------------------------------

==============================================================================


      Code (inc. data)   RO Data    RW Data    ZI Data      Debug   

     23390       2196       9510         84       5604     431459   Grand Totals
     23390       2196       9510         84       5604     431459   ELF Image Totals
     23390       2196       9510         84          0          0   ROM Totals

==============================================================================

    Total RO  Size (Code + RO Data)                32900 (  32.13kB)
    Total RW  Size (RW Data + ZI Data)              5688 (   5.55kB)
    Total ROM Size (Code + RO Data + RW Data)      32984 (  32.21kB)

==============================================================================

